Archive member included to satisfy reference by file (symbol)

../libgev\libgev.a(gev_engine.o)
                              obj/default/src/gev_main.o (gev_ptp_set_master_time)
../libgev\libgev.a(gvcp.o)    ../libgev\libgev.a(gev_engine.o) (process_gvcp)
../libgev\libgev.a(gvsp.o)    ../libgev\libgev.a(gvcp.o) (gvsp_packetresend_v2)
../libgev\libgev.a(macspire_gige_vision_ip_reg.o)
                              ../libgev\libgev.a(gev_engine.o) (gev_set_func_ptp_pkt_rcv_event)
../libgev\libgev.a(net.o)     ../libgev\libgev.a(gev_engine.o) (send_arp_req_packet)
../libgev\libgev.a(timer.o)   ../libgev\libgev.a(gev_engine.o) (gev_timer_task)
../libgev\libgev.a(work_area.o)
                              ../libgev\libgev.a(gev_engine.o) (g_receive_packet_queue)
../libgev\libgev.a(bootstrap_reg.o)
                              ../libgev\libgev.a(gev_engine.o) (initialize_bootstrap_regs)
../libgev\libgev.a(dhcp_client.o)
                              ../libgev\libgev.a(gev_engine.o) (dhcp_ip_configuration)
../libscorpius\libscorpius.a(sco_event_flag.o)
                              ../libgev\libgev.a(gvcp.o) (wait_event_flag)
../libscorpius\libscorpius.a(sco_scheduler.o)
                              ../libscorpius\libscorpius.a(sco_event_flag.o) (gp_current_task)
../libscorpius\libscorpius.a(sco_semaphore.o)
                              ../libscorpius\libscorpius.a(sco_scheduler.o) (initial_semaphore)
../libscorpius\libscorpius.a(sco_task.o)
                              obj/default/src/gev_main.o (wakeup_task)
../libscorpius\libscorpius.a(sco_cpu.o)
                              ../libscorpius\libscorpius.a(sco_event_flag.o) (_is_task_ctx_mode)
../libscorpius\libscorpius.a(sco_dispatch.o)
                              ../libscorpius\libscorpius.a(sco_scheduler.o) (_start_scheduler)
../libscorpius\libscorpius.a(sco_scheduler_cpu.o)
                              ../libscorpius\libscorpius.a(sco_scheduler.o) (cpu_context)
../libscorpius\libscorpius.a(sco_mail_box.o)
                              ../libscorpius\libscorpius.a(sco_scheduler.o) (initial_mail_box)
../libptp\libptp.a(ptp_app_gev.o)
                              ../libscorpius\libscorpius.a(sco_scheduler.o) (libptp_task)
../libptp\libptp.a(ptp_net_gev.o)
                              ../libptp\libptp.a(ptp_app_gev.o) (ptp_net_gev_init)
../libptp\libptp.a(ptp_sys_scorpius.o)
                              ../libptp\libptp.a(ptp_app_gev.o) (ptp_sys_scorpius_task)
../libptp\libptp.a(ptp_api.o)
                              ../libptp\libptp.a(ptp_app_gev.o) (libptp_set_domainNumber)
../libptp\libptp.a(ptp_bmc.o)
                              ../libptp\libptp.a(ptp_api.o) (ptp_bmc_get_master_info)
../libptp\libptp.a(ptp_callback.o)
                              ../libptp\libptp.a(ptp_api.o) (ptp_callback_set_fnc)
../libptp\libptp.a(ptp_cycle.o)
                              ../libptp\libptp.a(ptp_bmc.o) (ptp_cycle_set_interval_ms)
../libptp\libptp.a(ptp_dataset.o)
                              ../libptp\libptp.a(ptp_api.o) (gp_defaultDS)
../libptp\libptp.a(ptp_main.o)
                              ../libptp\libptp.a(ptp_api.o) (ptp_open)
../libptp\libptp.a(ptp_master.o)
                              ../libptp\libptp.a(ptp_main.o) (ptp_master_open)
../libptp\libptp.a(ptp_message.o)
                              ../libptp\libptp.a(ptp_bmc.o) (ptp_message_get_body_Announce)
../libptp\libptp.a(ptp_misc.o)
                              ../libptp\libptp.a(ptp_cycle.o) (ptp_check_enable_state)
../libptp\libptp.a(ptp_mng.o)
                              ../libptp\libptp.a(ptp_main.o) (ptp_mng_open)
../libptp\libptp.a(ptp_pulse.o)
                              ../libptp\libptp.a(ptp_main.o) (ptp_pulse_open)
../libptp\libptp.a(ptp_rcv.o)
                              ../libptp\libptp.a(ptp_main.o) (ptp_rcv_handler)
../libptp\libptp.a(ptp_servo.o)
                              ../libptp\libptp.a(ptp_api.o) (ptp_servo_enable_ki_coef)
../libptp\libptp.a(ptp_slave.o)
                              ../libptp\libptp.a(ptp_main.o) (ptp_slave_open)
../libptp\libptp.a(ptp_calc.o)
                              ../libptp\libptp.a(ptp_servo.o) (ptp_calc_add)
../libptp\libptp.a(ptp_header.o)
                              ../libptp\libptp.a(ptp_net_gev.o) (ptp_header_get_sourcePortIdentity)
../libptp\libptp.a(ptp_dev_gev.o)
                              ../libptp\libptp.a(ptp_main.o) (ptp_dev_start)
../libptp\libptp.a(ptp_default.o)
                              ../libptp\libptp.a(ptp_main.o) (ptp_profile_open)
c:/intelfpga/18.1/nios2eds/bin/gnu/h-x86_64-mingw32/bin/../lib/gcc/nios2-elf/5.3.0\libgcc.a(_muldi3.o)
                              ../libptp\libptp.a(ptp_servo.o) (__muldi3)
c:/intelfpga/18.1/nios2eds/bin/gnu/h-x86_64-mingw32/bin/../lib/gcc/nios2-elf/5.3.0\libgcc.a(_fixunssfsi.o)
                              ../libgev\libgev.a(gvcp.o) (__fixunssfsi)
c:/intelfpga/18.1/nios2eds/bin/gnu/h-x86_64-mingw32/bin/../lib/gcc/nios2-elf/5.3.0\libgcc.a(_floatundisf.o)
[...]
Memory Configuration

Name             Origin             Length             Attributes
sf_ctr_avl_mem_BEFORE_RESET 0x0000000000000000 0x0000000000600000
reset            0x0000000000600000 0x0000000000000020
sf_ctr_avl_mem   0x0000000000600020 0x00000000019fffe0
onchip_mem_BEFORE_EXCEPTION 0x0000000004018000 0x0000000000000020
onchip_mem       0x0000000004018020 0x0000000000007fe0
emif             0x0000000020000000 0x000000000ffffc00
exception_stack  0x000000002ffffc00 0x0000000000000400
*default*        0x0000000000000000 0xffffffffffffffff

Linker script and memory map

LOAD ../main_bsp/obj/HAL/src/crt0.o
LOAD obj/default/src/gev_main.o
LOAD obj/default/src/tse_mac_phy.o
LOAD ../libgev\libgev.a
LOAD ../libscorpius\libscorpius.a
LOAD ../libptp\libptp.a
LOAD c:/intelfpga/18.1/nios2eds/bin/gnu/h-x86_64-mingw32/bin/../lib/gcc/nios2-elf/5.3.0/../../../../../H-x86_64-mingw32/nios2-elf/lib\libstdc++.a
LOAD c:/intelfpga/18.1/nios2eds/bin/gnu/h-x86_64-mingw32/bin/../lib/gcc/nios2-elf/5.3.0/../../../../../H-x86_64-mingw32/nios2-elf/lib\libm.a
LOAD c:/intelfpga/18.1/nios2eds/bin/gnu/h-x86_64-mingw32/bin/../lib/gcc/nios2-elf/5.3.0\libgcc.a
START GROUP
LOAD c:/intelfpga/18.1/nios2eds/bin/gnu/h-x86_64-mingw32/bin/../lib/gcc/nios2-elf/5.3.0/../../../../../H-x86_64-mingw32/nios2-elf/lib\libc.a
LOAD c:/intelfpga/18.1/nios2eds/bin/gnu/h-x86_64-mingw32/bin/../lib/gcc/nios2-elf/5.3.0\libgcc.a
LOAD ../main_bsp\libhal_bsp.a
LOAD c:/intelfpga/18.1/nios2eds/bin/gnu/h-x86_64-mingw32/bin/../lib/gcc/nios2-elf/5.3.0/../../../../../H-x86_64-mingw32/nios2-elf/lib\libm.a
END GROUP
LOAD c:/intelfpga/18.1/nios2eds/bin/gnu/h-x86_64-mingw32/bin/../lib/gcc/nios2-elf/5.3.0\libgcc.a
                0x0000000000000000                __alt_mem_sf_ctr_avl_mem = 0x0
                0x0000000004018000                __alt_mem_onchip_mem = 0x4018000
                0x0000000020000000                __alt_mem_emif = 0x20000000

.entry          0x0000000000600000        0x0
 *(.entry)
 .entry         0x0000000000600000        0x0 ../main_bsp/obj/HAL/src/crt0.o
                0x0000000000600000                __reset

.exceptions     0x0000000004018020      0x248
                [!provide]                        PROVIDE (__ram_exceptions_start, ABSOLUTE (.))
                0x0000000004018020                . = ALIGN (0x20)
 *(.irq)
 *(.exceptions.entry.label)
 .exceptions.entry.label
                0x0000000004018020        0x0 ../main_bsp\libhal_bsp.a(alt_irq_entry.o)
                0x0000000004018020                alt_irq_entry
 .exceptions.entry.label
                0x0000000004018020        0x0 ../main_bsp\libhal_bsp.a(alt_exception_entry.o)
                0x0000000004018020                alt_exception
 *(.exceptions.entry.user)
 *(.exceptions.entry.ecc_fatal)
 *(.exceptions.entry)
 .exceptions.entry
                0x0000000004018020       0x60 ../main_bsp\libhal_bsp.a(alt_exception_entry.o)
 *(.exceptions.irqtest.user)
 *(.exceptions.irqtest)
 .exceptions.irqtest
                0x0000000004018080       0x10 ../main_bsp\libhal_bsp.a(alt_irq_entry.o)
 *(.exceptions.irqhandler.user)
 *(.exceptions.irqhandler)
 .exceptions.irqhandler
                0x0000000004018090        0x4 ../main_bsp\libhal_bsp.a(alt_irq_entry.o)
 *(.exceptions.irqreturn.user)
 *(.exceptions.irqreturn)
 .exceptions.irqreturn
                0x0000000004018094        0x4 ../main_bsp\libhal_bsp.a(alt_irq_entry.o)
 *(.exceptions.notirq.label)
 .exceptions.notirq.label
                0x0000000004018098        0x0 ../main_bsp\libhal_bsp.a(alt_irq_entry.o)
 *(.exceptions.notirq.user)
 *(.exceptions.notirq)
 .exceptions.notirq
                0x0000000004018098        0x8 ../main_bsp\libhal_bsp.a(alt_exception_entry.o)
 *(.exceptions.soft.user)
 *(.exceptions.soft)
 *(.exceptions.unknown.user)
 *(.exceptions.unknown)
 .exceptions.unknown
                0x00000000040180a0       0x14 ../main_bsp\libhal_bsp.a(alt_exception_entry.o)
 *(.exceptions.exit.label)
 .exceptions.exit.label
                0x00000000040180b4        0x0 ../main_bsp\libhal_bsp.a(alt_irq_entry.o)
 .exceptions.exit.label
                0x00000000040180b4        0x0 ../main_bsp\libhal_bsp.a(alt_exception_entry.o)
 *(.exceptions.exit.user)
 *(.exceptions.exit)
 .exceptions.exit
                0x00000000040180b4       0x54 ../main_bsp\libhal_bsp.a(alt_exception_entry.o)
 *(.exceptions)
 .exceptions    0x0000000004018108       0xd4 ../main_bsp\libhal_bsp.a(alt_irq_handler.o)
                0x0000000004018108                alt_irq_handler
 .exceptions    0x00000000040181dc       0x74 ../main_bsp\libhal_bsp.a(alt_instruction_exception_entry.o)
                0x00000000040181dc                alt_instruction_exception_entry
 .exceptions.stub
                0x0000000004018250       0x18 linker stubs
                [!provide]                        PROVIDE (__ram_exceptions_end, ABSOLUTE (.))
                [!provide]                        PROVIDE (__flash_exceptions_start, LOADADDR (.exceptions))

.text           0x0000000020000000    0x48100
                [!provide]                        PROVIDE (stext, ABSOLUTE (.))
 *(.interp)
 *(.hash)
 *(.dynsym)
 *(.dynstr)
 *(.gnu.version)
 *(.gnu.version_d)
 *(.gnu.version_r)
 *(.rel.init)
 *(.rela.init)
 *(.rel.text .rel.text.* .rel.gnu.linkonce.t.*)
 *(.rela.text .rela.text.* .rela.gnu.linkonce.t.*)
 *(.rel.fini)
 *(.rela.fini)
 *(.rel.rodata .rel.rodata.* .rel.gnu.linkonce.r.*)
 *(.rela.rodata .rela.rodata.* .rela.gnu.linkonce.r.*)
 *(.rel.data .rel.data.* .rel.gnu.linkonce.d.*)
 *(.rela.data .rela.data.* .rela.gnu.linkonce.d.*)
 *(.rel.tdata .rel.tdata.* .rel.gnu.linkonce.td.*)
 *(.rela.tdata .rela.tdata.* .rela.gnu.linkonce.td.*)
 *(.rel.tbss .rel.tbss.* .rel.gnu.linkonce.tb.*)
 *(.rela.tbss .rela.tbss.* .rela.gnu.linkonce.tb.*)
 *(.rel.ctors)
 *(.rela.ctors)
 *(.rel.dtors)
 *(.rela.dtors)
 *(.rel.got)
 *(.rela.got)
 *(.rel.sdata .rel.sdata.* .rel.gnu.linkonce.s.*)
 *(.rela.sdata .rela.sdata.* .rela.gnu.linkonce.s.*)
 *(.rel.sbss .rel.sbss.* .rel.gnu.linkonce.sb.*)
 *(.rela.sbss .rela.sbss.* .rela.gnu.linkonce.sb.*)
 *(.rel.sdata2 .rel.sdata2.* .rel.gnu.linkonce.s2.*)
 *(.rela.sdata2 .rela.sdata2.* .rela.gnu.linkonce.s2.*)
 *(.rel.sbss2 .rel.sbss2.* .rel.gnu.linkonce.sb2.*)
 *(.rela.sbss2 .rela.sbss2.* .rela.gnu.linkonce.sb2.*)
 *(.rel.bss .rel.bss.* .rel.gnu.linkonce.b.*)
 *(.rela.bss .rela.bss.* .rela.gnu.linkonce.b.*)
 *(.rel.plt)
 *(.rela.plt)
 *(.rel.dyn)
 *(.init)
 *(.plt)
 *(.text .stub .text.* .gnu.linkonce.t.*)
 .text          0x0000000020000000       0x48 ../main_bsp/obj/HAL/src/crt0.o
                0x0000000020000000                _start
 .text          0x0000000020000048     0x3bc4 obj/default/src/gev_main.o
                0x0000000020000048                main
                0x0000000020000060                idle_task
                0x0000000020000160                user_task_1
                0x0000000020001bac                user_task_2
 .text          0x0000000020003c0c      0xf6c obj/default/src/tse_mac_phy.o
                0x0000000020003c0c                init_tse_mac_and_phy
                0x0000000020004b20                alt_tse_phy_check_link_up_down
 .text          0x0000000020004b78     0x8d94 ../libgev\libgev.a(gev_engine.o)
                0x0000000020004bb8                gev_ptp_get_state
                0x0000000020004bf8                gev_ptp_open
                0x0000000020004c34                gev_ptp_close
                0x0000000020004c70                gev_ptp_start
                0x0000000020004cac                gev_ptp_stop
                0x0000000020004ce8                gev_ptp_set_master_time
                0x0000000020004da0                gev_ptp_set_priority1
                0x0000000020004e3c                gev_ptp_set_priority2
                0x0000000020004ed8                gev_ptp_set_domain_number
                0x0000000020004f74                gev_ptp_set_slave_only
                0x0000000020005010                gev_ptp_set_log_announce_interval
                0x00000000200050ac                gev_ptp_set_log_sync_interval
                0x0000000020005148                gev_ptp_set_log_min_delay_req_interval
                0x00000000200051e4                gev_ptp_set_announce_receipt_timeout
                0x0000000020005280                gev_set_func_for_ptp
                0x0000000020005370                gev_pkt_resnd_task
                0x0000000020005418                gev_net_pkt_task
                0x0000000020005494                gev_sch_act_task
                0x0000000020005ef0                establish_communication_path
                0x0000000020005fbc                check_ip_with_arp
                0x000000002000659c                get_receive_packet
                0x000000002000677c                get_receive_net_packet
                0x000000002000686c                get_receive_ptp_packet
                0x0000000020006a60                gev_open
                0x0000000020006f8c                gev_get_version
                0x0000000020007044                gev_close
                0x0000000020007190                gev_run
                0x000000002000786c                gev_stop
                0x0000000020007a1c                gev_reg_act_func
                0x0000000020007b60                gev_send_evt_cmd
                0x0000000020007df4                gev_send_evtdt_cmd
                0x0000000020008118                gev_set_bs_dev_mac_addr
                0x0000000020008248                gev_set_frm_mem_param
                0x0000000020008490                gev_get_frm_mem_param
                0x000000002000859c                gev_set_debug_mode
                0x0000000020008818                gev_update_chunk_data
                0x00000000200089ec                check_pixel_format
                0x0000000020009214                check_payload_type
                0x00000000200092e0                gev_set_bs_dev_mode
                0x0000000020009428                gev_set_bs_ntwk_if_cap
                0x00000000200095bc                gev_set_bs_mnft_name
                0x0000000020009720                gev_set_bs_model_name
                0x0000000020009884                gev_set_bs_dev_ver
                0x00000000200099e8                gev_set_bs_mnft_info
                0x0000000020009b4c                gev_set_bs_seri_num
                0x0000000020009cc8                gev_set_bs_fst_url
                0x0000000020009e2c                gev_set_bs_scnd_url
                0x0000000020009f90                gev_set_bs_mnfest_tbl
                0x000000002000a088                gev_set_bs_gvsp_cap
                0x000000002000a1a8                gev_set_bs_gvcp_cap
                0x000000002000a2c4                gev_set_bs_pend_tmout
                0x000000002000a3b8                gev_set_bs_msg_ch_src_port
                0x000000002000a4c4                gev_set_bs_strm_ch_src_port
                0x000000002000a5a8                gev_set_bs_strm_ch_cap
                0x000000002000a6dc                gev_set_flash_param
                0x000000002000aa8c                gev_set_ext_bs_reg_num
                0x000000002000ad0c                gev_add_bs_reg
                0x000000002000aee8                gev_add_bs_reg_rng
                0x000000002000b0e0                gev_read_bs_reg
                0x000000002000b1ac                gev_add_bs_reg_mem
                0x000000002000b3a4                check_bs_reg_addr
                0x000000002000b7a8                gev_reg_bs_reg_width_write_func
                0x000000002000b864                gev_reg_bs_reg_height_write_func
                0x000000002000b920                gev_reg_bs_reg_ofstx_write_func
                0x000000002000b9dc                gev_reg_bs_reg_ofsty_write_func
                0x000000002000ba98                gev_reg_bs_reg_payload_type_write_func
                0x000000002000bb54                gev_reg_bs_reg_acquisition_start_func
                0x000000002000bc10                gev_reg_bs_reg_acquisition_stop_func
                0x000000002000bccc                gev_reg_bs_reg_acquisition_mode_write_func
                0x000000002000bd88                gev_reg_bs_reg_acquisition_frame_count_write_func
                0x000000002000be44                gev_reg_bs_reg_pixel_fromat_write_func
                0x000000002000bf00                gev_reg_bs_reg_field_count_write_func
                0x000000002000bfbc                gev_write_macspire_bs_reg
                0x000000002000c138                gev_get_timer_task_id
                0x000000002000c164                gev_get_timer_info
                0x000000002000c688                gev_set_bs_timestamp_tick_high
                0x000000002000c760                gev_set_bs_timestamp_tick_low
                0x000000002000c83c                gev_set_tx_clk_freq
                0x000000002000c8dc                gev_reg_ipconf_done_func
                0x000000002000c998                gev_set_bs_chunk_id
                0x000000002000ca68                gev_set_bs_chunk_length
                0x000000002000cb70                gev_get_scheduled_action_time_high
                0x000000002000cc00                gev_get_scheduled_action_time_low
                0x000000002000cc90                gev_set_multicast_ip
                0x000000002000cd5c                gev_set_multicast_ttl
                0x000000002000ce04                gev_set_bs_action_signals_num
                0x000000002000cedc                gev_set_ref_timestamp_param
                0x000000002000cf68                gev_get_ref_timestamp_param
                0x000000002000d004                gev_set_avm_clk_freq
                0x000000002000d0a4                gev_set_ptp_init_val
                0x000000002000d260                gev_ptp_init_func
                0x000000002000d414                gev_set_local_time
                0x000000002000d510                gev_set_gev_scps_packet_size
                0x000000002000d658                gev_set_scpd
                0x000000002000d6dc                gev_mcda_scda_check_process
                0x000000002000d768                gev_accept_broadcast_writereg
                0x000000002000d7f4                gev_dhcp_para_req_list_opt
                0x000000002000d880                gev_accept_lla_false_access
 .text          0x000000002000d90c     0x98e0 ../libgev\libgev.a(gvcp.o)
                0x000000002000d90c                process_gvcp
                0x000000002000db94                process_gvcp_discovery_cmd
                0x000000002000e0c8                heartbeat_timeout
                0x000000002000e1e0                gev_engine_send_event_command
                0x000000002000e31c                make_event_command_packet
                0x000000002000ec14                make_eventdata_command_packet
                0x000000002000f570                send_event_cmd_packet
                0x0000000020012158                write_bootstrap_reg_with_pre_past_process
                0x0000000020016df8                init_sac_queue
                0x0000000020016f40                dequeue_sac
                0x0000000020016fbc                ref_top_sac_queue
 .text          0x00000000200171ec     0x5278 ../libgev\libgev.a(gvsp.o)
                0x00000000200171ec                gvsp_packetresend_v2
                0x0000000020017c44                gvsp_packetresend_v1x
                0x00000000200184c0                gvsp_transfer_start
                0x0000000020018e90                gvsp_transfer_stop
                0x0000000020019248                set_chunk_data
                0x0000000020019534                send_test_packet
                0x0000000020019b14                get_gvsp_v1x_header_size
                0x0000000020019b34                get_gvsp_v2_header_size
                0x000000002001c3f0                trigger_output_start
 .text          0x000000002001c464     0x1490 ../libgev\libgev.a(macspire_gige_vision_ip_reg.o)
                0x000000002001c524                gev_set_func_ptp_pkt_rcv_event
                0x000000002001c550                init_gige_vision_ip
                0x000000002001c6b8                stop_gige_vision_ip
                0x000000002001cbb4                gev_pkt_rcv_task
                0x000000002001d294                send_packet_request
                0x000000002001d3dc                gev_pkt_send_task
                0x000000002001d564                read_macspire_gev_ip_reg
                0x000000002001d5b0                read_macspire_time_cap_drop_csr_ip_reg
                0x000000002001d5fc                read_macspire_ptp_clock_ip_reg
                0x000000002001d648                read_macspire_eth_tse_ip_reg
                0x000000002001d694                write_macspire_gev_ip_reg
                0x000000002001d6e4                write_macspire_time_cap_drop_csr_ip_reg
                0x000000002001d734                write_macspire_ptp_clock_ip_reg
                0x000000002001d784                write_macspire_eth_tse_ip_reg
                0x000000002001d7d4                copy_data_to_macspire_32bit
 .text          0x000000002001d8f4     0x1960 ../libgev\libgev.a(net.o)
                0x000000002001d8f4                send_arp_req_packet
                0x000000002001dab0                send_arp_rep_packet
                0x000000002001de10                send_ptp_packet
                0x000000002001e35c                igmp_join
                0x000000002001e3e0                igmp_leave
                0x000000002001e46c                check_packet_type
                0x000000002001e9fc                process_arp
                0x000000002001ed34                process_icmp
                0x000000002001ef2c                process_igmp
                0x000000002001f0c8                set_ip_counter
                0x000000002001f134                big_little_transform_32bit
                0x000000002001f1a8                big_little_transform_16bit
                0x000000002001f1f4                big_little_transform_24bit
 .text          0x000000002001f254     0x10ec ../libgev\libgev.a(timer.o)
                0x000000002001f468                gev_timer_task
                0x000000002001f9cc                timer_channel_register
                0x000000002001fae8                timer_channel_register_for_interval
                0x000000002001fc08                timer_channel_unregister
                0x000000002001fc6c                timer_channel_start
                0x000000002001fd00                timer_channel_stop
                0x000000002001fd90                timer_channel_restart
                0x000000002001fe40                timer_channel_check
                0x000000002001fef8                channel_timer_hw_start
                0x000000002001ff74                channel_timer_hw_stop
                0x000000002001ffa4                timer_event_ack_get_id
                0x0000000020020044                timer_event_ack_free_id
                0x0000000020020130                timer_event_ack_register
                0x000000002002021c                timer_event_ack_start
                0x00000000200202b0                timer_event_ack_stop
 .text          0x0000000020020340        0x0 ../libgev\libgev.a(work_area.o)
 .text          0x0000000020020340     0x1b2c ../libgev\libgev.a(bootstrap_reg.o)
                0x0000000020020340                initialize_bootstrap_regs
                0x0000000020021bb8                write_bootstrap_reg
                0x0000000020021c10                read_bootstrap_reg
                0x0000000020021c5c                copy_to_bootstrap_reg
                0x0000000020021ce4                copy_from_bootstrap_reg
                0x0000000020021d6c                copy_to_bootstrap_reg_big_little
 .text          0x0000000020021e6c     0x27c0 ../libgev\libgev.a(dhcp_client.o)
                0x0000000020021e6c                dhcp_ip_configuration
                0x00000000200224dc                process_dhcp
                0x000000002002269c                gev_dhcp_renew_task
 .text          0x000000002002462c      0x6e0 ../libscorpius\libscorpius.a(sco_event_flag.o)
                0x000000002002462c                initial_event_flag
                0x00000000200246a0                wait_event_flag
                0x0000000020024874                poll_event_flag
                0x0000000020024968                set_event_flag
                0x0000000020024ae0                clear_event_flag
                0x0000000020024b90                refer_event_flag
 .text          0x0000000020024d0c      0x6dc ../libscorpius\libscorpius.a(sco_scheduler.o)
                0x0000000020024d0c                start_scheduler
                0x0000000020024f40                update_task_chain
                0x0000000020025030                add_task_to_chain
                0x0000000020025288                get_task_id
                0x00000000200252f0                get_task_id_in_entry
                0x000000002002539c                disable_interrupt
 .text          0x00000000200253e8      0x6e8 ../libscorpius\libscorpius.a(sco_semaphore.o)
                0x00000000200253e8                initial_semaphore
                0x0000000020025518                get_semaphore
                0x00000000200256b0                poll_semaphore
                0x0000000020025774                put_semaphore
                0x0000000020025930                refer_semaphore
 .text          0x0000000020025ad0      0x2f8 ../libscorpius\libscorpius.a(sco_task.o)
                0x0000000020025ad0                wakeup_task
                0x0000000020025bfc                sleep_task
                0x0000000020025cbc                refer_task
 .text          0x0000000020025dc8       0x64 ../libscorpius\libscorpius.a(sco_cpu.o)
                0x0000000020025dc8                _is_task_ctx_mode
                0x0000000020025de0                _cpu_lock
                0x0000000020025df8                _cpu_unlock
                0x0000000020025e10                _enable_interrupt
 .text          0x0000000020025e2c      0x288 ../libscorpius\libscorpius.a(sco_dispatch.o)
                0x0000000020025e2c                _start_scheduler
                0x0000000020025e54                _enter_interrupt
                0x0000000020025e64                _exit_interrupt
                0x0000000020025ecc                _dispatch
 .text          0x00000000200260b4      0x264 ../libscorpius\libscorpius.a(sco_scheduler_cpu.o)
                0x00000000200260b4                cpu_context
 .text          0x0000000020026318      0x64c ../libscorpius\libscorpius.a(sco_mail_box.o)
                0x0000000020026318                initial_mail_box
                0x000000002002638c                receive_mail_box
                0x0000000020026540                poll_mail_box
                0x0000000020026670                send_mail_box
                0x0000000020026804                refer_mail_box
 .text          0x0000000020026964      0x83c ../libptp\libptp.a(ptp_app_gev.o)
                0x0000000020026964                libptp_task
 .text          0x00000000200271a0      0x52c ../libptp\libptp.a(ptp_net_gev.o)
                0x00000000200271a0                ptp_net_gev_init
                0x00000000200271f8                ptp_net_gev_rcv_callback_from_gev
                0x0000000020027228                ptp_net_start
                0x000000002002725c                ptp_net_stop
                0x000000002002727c                ptp_net_clear_timestamp_buffer
                0x00000000200272a8                ptp_net_get_mac_addr
                0x0000000020027304                ptp_net_get_ip_addr
                0x0000000020027328                ptp_net_snd_event_message
                0x0000000020027434                ptp_net_snd_general_message
                0x0000000020027498                ptp_net_rcv_message
                0x000000002002769c                ptp_net_interrupt_rcv_message
 .text          0x00000000200276cc      0x44c ../libptp\libptp.a(ptp_sys_scorpius.o)
                0x00000000200276cc                ptp_sys_scorpius_task
                0x0000000020027704                ptp_sys_scorpius_init
                0x0000000020027750                ptp_sys_start
                0x00000000200277f8                ptp_sys_stop
                0x0000000020027844                ptp_sys_task_create
                0x0000000020027888                ptp_sys_get_sem_app
                0x00000000200278c0                ptp_sys_put_sem_app
                0x00000000200278f8                ptp_sys_get_sem_timer
                0x0000000020027930                ptp_sys_put_sem_timer
                0x0000000020027968                ptp_sys_wait_event
                0x00000000200279d4                ptp_sys_set_event
                0x0000000020027a1c                ptp_sys_clear_event
                0x0000000020027a64                ptp_sys_malloc
                0x0000000020027a9c                ptp_sys_free
 .text          0x0000000020027b18     0x115c ../libptp\libptp.a(ptp_api.o)
                0x0000000020027b18                libptp_get_version
                0x0000000020027b3c                libptp_set_print_analysis_fnc
                0x0000000020027b90                libptp_enable_print_analysis
                0x0000000020027bcc                libptp_set_callback_fnc
                0x0000000020027c20                libptp_holdover
                0x0000000020027c80                libptp_set_domainNumber
                0x0000000020027ce0                libptp_set_logAnnounceInterval
                0x0000000020027d40                libptp_set_announceReceiptTimeout
                0x0000000020027da0                libptp_set_logSyncInterval
                0x0000000020027e00                libptp_set_logMinDelayReqInterval
                0x0000000020027e60                libptp_set_unicast_delay_req
                0x0000000020027ebc                libptp_get_master_info
                0x0000000020027f10                libptp_get_ptp_state
                0x0000000020027f70                libptp_get_servo_state
                0x0000000020027fcc                libptp_get_clockIdentity
                0x0000000020028030                libptp_get_domainNumber
                0x000000002002808c                libptp_get_logAnnounceInterval
                0x00000000200280e8                libptp_get_announceReceiptTimeout
                0x0000000020028144                libptp_get_logSyncInterval
                0x00000000200281a0                libptp_get_logMinDelayReqInterval
                0x00000000200281fc                libptp_get_unicast_delay_req
                0x0000000020028258                libptp_get_slave_correctionField
                0x00000000200282dc                libptp_get_epoch
                0x0000000020028330                libptp_open
                0x000000002002838c                libptp_close
                0x00000000200283e4                libptp_start
                0x0000000020028444                libptp_stop
                0x00000000200284a4                libptp_enable_ki_coef
                0x0000000020028508                libptp_enable_avg_coef
                0x000000002002856c                libptp_set_tuning_param
                0x00000000200285c4                libptp_get_tuning_param
                0x0000000020028618                libptp_set_pulse_gen
                0x0000000020028680                libptp_reset_pulse_gen
                0x00000000200287b4                libptp_set_epoch
                0x000000002002881c                libptp_add_epoch
                0x0000000020028874                libptp_sub_epoch
                0x00000000200288cc                libptp_set_dataset_multi
                0x00000000200289c4                libptp_set_dataset
                0x0000000020028a14                libptp_get_dataset
                0x0000000020028a5c                libptp_set_bmca_mode
                0x0000000020028ab4                libptp_get_bmca_mode
                0x0000000020028b10                libptp_get_clockClass
                0x0000000020028b6c                libptp_set_step_mode
                0x0000000020028bcc                libptp_get_step_mode
                0x0000000020028c28                libptp_dbg_print_foreignMasterDS
 .text          0x0000000020028c74     0x250c ../libptp\libptp.a(ptp_bmc.o)
                0x0000000020028c74                ptp_bmc_open
                0x0000000020028cc4                ptp_bmc_close
                0x0000000020028ce8                ptp_bmc_start
                0x0000000020028d1c                ptp_bmc_stop
                0x0000000020028d50                ptp_bmc_get_master_info
                0x0000000020028eb8                ptp_get_clockClass
                0x0000000020028edc                ptp_set_bmca_mode
                0x0000000020028fbc                ptp_get_bmca_mode
                0x0000000020028fdc                ptp_set_domainNumber
                0x0000000020029094                ptp_set_priority1
                0x0000000020029134                ptp_set_priority2
                0x00000000200291d4                ptp_set_slaveOnly
                0x0000000020029274                ptp_set_logAnnounceInterval
                0x00000000200292d4                ptp_set_announceReceiptTimeout
                0x0000000020029334                ptp_bmc_rcv_Announce
                0x0000000020029550                ptp_bmc_cycle_foreign_master_window
                0x00000000200295d0                ptp_bmc_cycle_announce_receipt_timeout
                0x0000000020029790                ptp_bmc_cycle_send_Announce
                0x000000002002b118                ptp_bmc_dbg_print_foreignMasterDS
 .text          0x000000002002b180      0x1a4 ../libptp\libptp.a(ptp_callback.o)
                0x000000002002b180                ptp_callback_set_fnc
                0x000000002002b1ac                ptp_callback_execute
                0x000000002002b26c                ptp_callback_execute_queue
 .text          0x000000002002b324      0x888 ../libptp\libptp.a(ptp_cycle.o)
                0x000000002002b324                ptp_cycle_open
                0x000000002002b3d0                ptp_cycle_close
                0x000000002002b3f4                ptp_cycle_handler
                0x000000002002b4b0                ptp_cycle_callback
                0x000000002002b5d4                ptp_cycle_timer_enable
                0x000000002002b67c                ptp_cycle_timer_disable
                0x000000002002b724                ptp_cycle_timer_restart
                0x000000002002b7f0                ptp_cycle_set_interval_ms
                0x000000002002b900                ptp_cycle_change_portState
 .text          0x000000002002bbac     0x11d0 ../libptp\libptp.a(ptp_dataset.o)
                0x000000002002bbac                ptp_dataset_open
                0x000000002002c038                ptp_dataset_close
                0x000000002002c06c                ptp_set_dataset
                0x000000002002c55c                ptp_get_dataset
 .text          0x000000002002cd7c      0x644 ../libptp\libptp.a(ptp_main.o)
                0x000000002002cd7c                ptp_open
                0x000000002002cdcc                ptp_close
                0x000000002002ce14                ptp_start
                0x000000002002ce58                ptp_stop
 .text          0x000000002002d3c0      0x444 ../libptp\libptp.a(ptp_master.o)
                0x000000002002d3c0                ptp_master_open
                0x000000002002d3ec                ptp_master_close
                0x000000002002d40c                ptp_set_step_mode
                0x000000002002d478                ptp_get_step_mode
                0x000000002002d4b0                ptp_master_set_logSyncInterval
                0x000000002002d52c                ptp_master_set_logMinDelayReqInterval
                0x000000002002d57c                ptp_master_change_portState
                0x000000002002d5dc                ptp_master_rcv_Delay_Req
                0x000000002002d6b8                ptp_master_cycle_send_Sync
 .text          0x000000002002d804     0x13d8 ../libptp\libptp.a(ptp_message.o)
                0x000000002002d804                ptp_message_get_sequenceId
                0x000000002002d850                ptp_message_check_and_get_header
                0x000000002002dd2c                ptp_message_get_body_Announce
                0x000000002002de90                ptp_message_get_body_Sync
                0x000000002002ded0                ptp_message_get_body_Follow_Up
                0x000000002002df10                ptp_message_get_body_Delay_Resp
                0x000000002002dfa4                ptp_message_get_body_Management
                0x000000002002e058                ptp_message_create_Sync
                0x000000002002e114                ptp_message_create_Follow_Up
                0x000000002002e1b8                ptp_message_create_Delay_Req
                0x000000002002e258                ptp_message_create_Delay_Resp
                0x000000002002e35c                ptp_message_create_Announce
                0x000000002002e550                ptp_message_create_Management
                0x000000002002e5e4                ptp_message_create_Management_response
 .text          0x000000002002ebdc      0xa90 ../libptp\libptp.a(ptp_misc.o)
                0x000000002002ebdc                ptp_check_enable_state
                0x000000002002ec20                ptp_cmp_PortIdentity
                0x000000002002ecfc                ptp_conv_logInterval_to_ms
                0x000000002002ede0                ptp_conv_clockid_from_array
                0x000000002002f02c                ptp_conv_clockid_to_array
                0x000000002002f16c                ptp_conv_Timestamp_from_array
                0x000000002002f378                ptp_conv_Timestamp_to_array
                0x000000002002f55c                ptp_print_analysis
                0x000000002002f5c4                ptp_set_print_analysis_fnc
                0x000000002002f5f0                ptp_enable_print_analysis
                0x000000002002f620                ptp_get_main_loop_state
                0x000000002002f640                ptp_set_main_loop_state
 .text          0x000000002002f66c      0x27c ../libptp\libptp.a(ptp_mng.o)
                0x000000002002f66c                ptp_mng_set_handler_extension_table
                0x000000002002f6fc                ptp_mng_open
                0x000000002002f728                ptp_mng_close
                0x000000002002f74c                ptp_mng_rcv_Management
 .text          0x000000002002f8e8      0x670 ../libptp\libptp.a(ptp_pulse.o)
                0x000000002002f8e8                ptp_pulse_open
                0x000000002002f914                ptp_pulse_close
                0x000000002002f938                ptp_pulse_cycle_gen_align_exec
                0x000000002002fb1c                ptp_pulse_gen_align
                0x000000002002fbd4                ptp_pulse_set_freq
                0x000000002002fd10                ptp_pulse_reset_freq
                0x000000002002fdbc                ptp_pulse_set_profile_specific_gen
 .text          0x000000002002ff58      0x198 ../libptp\libptp.a(ptp_rcv.o)
                0x000000002002ff58                ptp_rcv_handler
 .text          0x00000000200300f0     0x2aec ../libptp\libptp.a(ptp_servo.o)
                0x00000000200300f0                ptp_servo_enable_ki_coef
                0x000000002003014c                ptp_servo_enable_avg_coef
                0x00000000200301a4                ptp_servo_set_logSyncInterval
                0x00000000200301f0                ptp_servo_get_logSyncInterval
                0x0000000020030220                ptp_servo_set_parameter
                0x00000000200305fc                ptp_servo_get_parameter
                0x00000000200309e0                ptp_servo_open
                0x0000000020030abc                ptp_servo_close
                0x0000000020030ae0                ptp_servo_get_state
                0x0000000020030b10                ptp_servo_change_portState
                0x0000000020030c58                ptp_servo_user_force_holdover
                0x0000000020030cd0                ptp_servo_set_t1_t2
                0x0000000020030fb8                ptp_servo_set_sample_offset
                0x00000000200328d4                config_logSyncInterval
 .text          0x0000000020032bdc      0xf88 ../libptp\libptp.a(ptp_slave.o)
                0x0000000020032bdc                ptp_slave_open
                0x0000000020032c1c                ptp_slave_close
                0x0000000020032c40                ptp_slave_set_unicast_delay_req
                0x0000000020032c74                ptp_slave_get_unicast_delay_req
                0x0000000020032c98                ptp_slave_change_portState
                0x0000000020032d24                ptp_slave_rcv_Sync
                0x00000000200330c0                ptp_slave_rcv_Follow_Up
                0x00000000200333b0                ptp_slave_rcv_Delay_Resp
                0x0000000020033630                ptp_slave_cycle_send_Delay_Req
                0x0000000020033754                ptp_slave_sync_is_two_step
                0x0000000020033778                ptp_slave_get_logMinDelayReqInterval
                0x000000002003379c                ptp_slave_get_cf_sync
                0x00000000200337e0                ptp_slave_get_cf_fup
                0x0000000020033824                ptp_slave_get_cf_drsp
 .text          0x0000000020033b64     0x1f70 ../libptp\libptp.a(ptp_calc.o)
                0x0000000020033b64                ptp_calc_add
                0x0000000020033c88                ptp_calc_add_uint32
                0x0000000020033ce0                ptp_calc_sub
                0x0000000020033dfc                ptp_calc_sub_uint32
                0x0000000020033e54                ptp_calc_mul_by_uint32
                0x0000000020034240                ptp_calc_div
                0x0000000020034bf8                ptp_calc_div_by_uint32
                0x0000000020034c50                ptp_calc_is_zero
                0x0000000020034cac                ptp_calc_cmp
                0x0000000020034e5c                ptp_calc_logical_shift_right
                0x0000000020035074                ptp_calc_logical_shift_left
                0x000000002003528c                ptp_calc_is_negative
                0x00000000200352d0                ptp_calc_twos_complement
                0x00000000200353c0                ptp_calc_conv_from_uint32
                0x000000002003548c                ptp_calc_conv_to_uint32
                0x0000000020035524                ptp_calc_conv_to_uint32_limited
                0x00000000200355a0                ptp_calc_conv_to_int32_limited
                0x00000000200356bc                ptp_calc_conv_from_TimeInterval
                0x000000002003576c                ptp_calc_conv_to_TimeInterval
                0x0000000020035884                ptp_calc_conv_from_Timestamp
                0x00000000200359a4                ptp_calc_conv_to_Timestamp
 .text          0x0000000020035ad4      0x374 ../libptp\libptp.a(ptp_header.o)
                0x0000000020035ad4                ptp_header_get_sourcePortIdentity
                0x0000000020035d74                ptp_header_get_messageType
                0x0000000020035dcc                ptp_header_get_sequenceId
 .text          0x0000000020035e48     0x1120 ../libptp\libptp.a(ptp_dev_gev.o)
                0x0000000020035e48                ptp_dev_start
                0x000000002003611c                ptp_dev_stop
                0x000000002003618c                ptp_dev_enable_timestamp
                0x00000000200361cc                ptp_dev_disable_timestamp
                0x0000000020036214                ptp_dev_gev_get_snd_timestamp
                0x00000000200362f0                ptp_dev_gev_get_rcv_timestamp
                0x0000000020036430                ptp_dev_gev_clear_rcv_timestamp_buffer
                0x000000002003649c                ptp_dev_set_lock_status
                0x00000000200364dc                ptp_dev_set_coef
                0x0000000020036594                ptp_dev_set_epoch
                0x00000000200365c8                ptp_dev_add_epoch
                0x00000000200365fc                ptp_dev_sub_epoch
                0x0000000020036800                ptp_dev_get_epoch
                0x00000000200368d0                ptp_dev_set_pulse_gen
                0x0000000020036a28                ptp_dev_filter_alt_master_flag
                0x0000000020036a50                ptp_dev_filter_master_mode
                0x0000000020036a78                ptp_dev_set_step_mode
                0x0000000020036aa0                ptp_dev_filter_domainNumber
                0x0000000020036ad0                ptp_dev_filter_master_ip_addr
                0x0000000020036afc                ptp_dev_filter_own_portIdentity_for_dreq
 .text          0x0000000020036f68      0x150 ../libptp\libptp.a(ptp_default.o)
                0x0000000020036f68                ptp_profile_open
                0x0000000020036f94                ptp_profile_close
                0x0000000020036fb8                ptp_profile_get_profile_identifier
                0x000000002003702c                ptp_profile_disable_pulse
                0x0000000020037054                ptp_set_param_profile
                0x0000000020037088                ptp_get_param_profile
 .text          0x00000000200370b8       0x60 c:/intelfpga/18.1/nios2eds/bin/gnu/h-x86_64-mingw32/bin/../lib/gcc/nios2-elf/5.3.0\libgcc.a(_muldi3.o)
                0x00000000200370b8                __muldi3
 .text          0x0000000020037118       0x60 c:/intelfpga/18.1/nios2eds/bin/gnu/h-x86_64-mingw32/bin/../lib/gcc/nios2-elf/5.3.0\libgcc.a(_fixunssfsi.o)
                0x0000000020037118                __fixunssfsi
 .text          0x0000000020037178       0x9c c:/intelfpga/18.1/nios2eds/bin/gnu/h-x86_64-mingw32/bin/../lib/gcc/nios2-elf/5.3.0\libgcc.a(_floatundisf.o)
                0x0000000020037178                __floatundisf
 .text          0x0000000020037214       0x70 c:/intelfpga/18.1/nios2eds/bin/gnu/h-x86_64-mingw32/bin/../lib/gcc/nios2-elf/5.3.0\libgcc.a(_floatundidf.o)
                0x0000000020037214                __floatundidf
 .text          0x0000000020037284      0x578 c:/intelfpga/18.1/nios2eds/bin/gnu/h-x86_64-mingw32/bin/../lib/gcc/nios2-elf/5.3.0\libgcc.a(_udivdi3.o)
                0x0000000020037284                __udivdi3
 .text          0x00000000200377fc      0x1b4 c:/intelfpga/18.1/nios2eds/bin/gnu/h-x86_64-mingw32/bin/../lib/gcc/nios2-elf/5.3.0\libgcc.a(lib2-divmod.o)
                0x00000000200377fc                __divsi3
                0x0000000020037880                __modsi3
                0x00000000200378f4                __udivsi3
                0x0000000020037958                __umodsi3
 .text          0x00000000200379b0      0x440 c:/intelfpga/18.1/nios2eds/bin/gnu/h-x86_64-mingw32/bin/../lib/gcc/nios2-elf/5.3.0\libgcc.a(divsf3.o)
                0x00000000200379b0                __divsf3
 .text          0x0000000020037df0       0xbc c:/intelfpga/18.1/nios2eds/bin/gnu/h-x86_64-mingw32/bin/../lib/gcc/nios2-elf/5.3.0\libgcc.a(gesf2.o)
                0x0000000020037df0                __gesf2
                0x0000000020037df0                __gtsf2
 .text          0x0000000020037eac       0xc8 c:/intelfpga/18.1/nios2eds/bin/gnu/h-x86_64-mingw32/bin/../lib/gcc/nios2-elf/5.3.0\libgcc.a(lesf2.o)
                0x0000000020037eac                __ltsf2
                0x0000000020037eac                __lesf2
 .text          0x0000000020037f74      0x3fc c:/intelfpga/18.1/nios2eds/bin/gnu/h-x86_64-mingw32/bin/../lib/gcc/nios2-elf/5.3.0\libgcc.a(mulsf3.o)
                0x0000000020037f74                __mulsf3
 .text          0x0000000020038370      0x4e4 c:/intelfpga/18.1/nios2eds/bin/gnu/h-x86_64-mingw32/bin/../lib/gcc/nios2-elf/5.3.0\libgcc.a(subsf3.o)
                0x0000000020038370                __subsf3
 .text          0x0000000020038854       0x70 c:/intelfpga/18.1/nios2eds/bin/gnu/h-x86_64-mingw32/bin/../lib/gcc/nios2-elf/5.3.0\libgcc.a(fixsfsi.o)
                0x0000000020038854                __fixsfsi
 .text          0x00000000200388c4       0xf0 c:/intelfpga/18.1/nios2eds/bin/gnu/h-x86_64-mingw32/bin/../lib/gcc/nios2-elf/5.3.0\libgcc.a(floatunsisf.o)
                0x00000000200388c4                __floatunsisf
 .text          0x00000000200389b4      0x8ac c:/intelfpga/18.1/nios2eds/bin/gnu/h-x86_64-mingw32/bin/../lib/gcc/nios2-elf/5.3.0\libgcc.a(adddf3.o)
                0x00000000200389b4                __adddf3
 .text          0x0000000020039260      0x8e8 c:/intelfpga/18.1/nios2eds/bin/gnu/h-x86_64-mingw32/bin/../lib/gcc/nios2-elf/5.3.0\libgcc.a(divdf3.o)
                0x0000000020039260                __divdf3
 .text          0x0000000020039b48      0x718 c:/intelfpga/18.1/nios2eds/bin/gnu/h-x86_64-mingw32/bin/../lib/gcc/nios2-elf/5.3.0\libgcc.a(muldf3.o)
                0x0000000020039b48                __muldf3
 .text          0x000000002003a260       0xa8 c:/intelfpga/18.1/nios2eds/bin/gnu/h-x86_64-mingw32/bin/../lib/gcc/nios2-elf/5.3.0\libgcc.a(floatunsidf.o)
                0x000000002003a260                __floatunsidf
 .text          0x000000002003a308      0x1a8 c:/intelfpga/18.1/nios2eds/bin/gnu/h-x86_64-mingw32/bin/../lib/gcc/nios2-elf/5.3.0\libgcc.a(truncdfsf2.o)
                0x000000002003a308                __truncdfsf2
 .text          0x000000002003a4b0        0x0 c:/intelfpga/18.1/nios2eds/bin/gnu/h-x86_64-mingw32/bin/../lib/gcc/nios2-elf/5.3.0\libgcc.a(_clz.o)
 .text          0x000000002003a4b0       0x64 c:/intelfpga/18.1/nios2eds/bin/gnu/h-x86_64-mingw32/bin/../lib/gcc/nios2-elf/5.3.0\libgcc.a(_clzsi2.o)
                0x000000002003a4b0                __clzsi2
 .text          0x000000002003a514        0x0 c:/intelfpga/18.1/nios2eds/bin/gnu/h-x86_64-mingw32/bin/../lib/gcc/nios2-elf/5.3.0/../../../../../H-x86_64-mingw32/nios2-elf/lib\libc.a(lib_a-malloc.o)
 .text.malloc   0x000000002003a514       0x14 c:/intelfpga/18.1/nios2eds/bin/gnu/h-x86_64-mingw32/bin/../lib/gcc/nios2-elf/5.3.0/../../../../../H-x86_64-mingw32/nios2-elf/lib\libc.a(lib_a-malloc.o)
                0x000000002003a514                malloc
 .text.free     0x000000002003a528       0x14 c:/intelfpga/18.1/nios2eds/bin/gnu/h-x86_64-mingw32/bin/../lib/gcc/nios2-elf/5.3.0/../../../../../H-x86_64-mingw32/nios2-elf/lib\libc.a(lib_a-malloc.o)
                0x000000002003a528                free
 .text          0x000000002003a53c        0x0 c:/intelfpga/18.1/nios2eds/bin/gnu/h-x86_64-mingw32/bin/../lib/gcc/nios2-elf/5.3.0/../../../../../H-x86_64-mingw32/nios2-elf/lib\libc.a(lib_a-mallocr.o)
 .text._malloc_r
                0x000000002003a53c      0x80c c:/intelfpga/18.1/nios2eds/bin/gnu/h-x86_64-mingw32/bin/../lib/gcc/nios2-elf/5.3.0/../../../../../H-x86_64-mingw32/nios2-elf/lib\libc.a(lib_a-mallocr.o)
                0x000000002003a53c                _malloc_r
 .text          0x000000002003ad48        0x0 c:/intelfpga/18.1/nios2eds/bin/gnu/h-x86_64-mingw32/bin/../lib/gcc/nios2-elf/5.3.0/../../../../../H-x86_64-mingw32/nios2-elf/lib\libc.a(lib_a-memcmp.o)
 .text.memcmp   0x000000002003ad48       0x7c c:/intelfpga/18.1/nios2eds/bin/gnu/h-x86_64-mingw32/bin/../lib/gcc/nios2-elf/5.3.0/../../../../../H-x86_64-mingw32/nios2-elf/lib\libc.a(lib_a-memcmp.o)
                0x000000002003ad48                memcmp
 .text          0x000000002003adc4        0x0 c:/intelfpga/18.1/nios2eds/bin/gnu/h-x86_64-mingw32/bin/../lib/gcc/nios2-elf/5.3.0/../../../../../H-x86_64-mingw32/nios2-elf/lib\libc.a(lib_a-memcpy.o)
 .text.memcpy   0x000000002003adc4      0x148 c:/intelfpga/18.1/nios2eds/bin/gnu/h-x86_64-mingw32/bin/../lib/gcc/nios2-elf/5.3.0/../../../../../H-x86_64-mingw32/nios2-elf/lib\libc.a(lib_a-memcpy.o)
                0x000000002003adc4                memcpy
 .text          0x000000002003af0c        0x0 c:/intelfpga/18.1/nios2eds/bin/gnu/h-x86_64-mingw32/bin/../lib/gcc/nios2-elf/5.3.0/../../../../../H-x86_64-mingw32/nios2-elf/lib\libc.a(lib_a-memset.o)
 .text.memset   0x000000002003af0c      0x128 c:/intelfpga/18.1/nios2eds/bin/gnu/h-x86_64-mingw32/bin/../lib/gcc/nios2-elf/5.3.0/../../../../../H-x86_64-mingw32/nios2-elf/lib\libc.a(lib_a-memset.o)
                0x000000002003af0c                memset
 .text          0x000000002003b034        0x0 c:/intelfpga/18.1/nios2eds/bin/gnu/h-x86_64-mingw32/bin/../lib/gcc/nios2-elf/5.3.0/../../../../../H-x86_64-mingw32/nios2-elf/lib\libc.a(lib_a-printf.o)
 .text._printf_r
                0x000000002003b034       0x30 c:/intelfpga/18.1/nios2eds/bin/gnu/h-x86_64-mingw32/bin/../lib/gcc/nios2-elf/5.3.0/../../../../../H-x86_64-mingw32/nios2-elf/lib\libc.a(lib_a-printf.o)
                0x000000002003b034                _printf_r
 .text.printf   0x000000002003b064       0x3c c:/intelfpga/18.1/nios2eds/bin/gnu/h-x86_64-mingw32/bin/../lib/gcc/nios2-elf/5.3.0/../../../../../H-x86_64-mingw32/nios2-elf/lib\libc.a(lib_a-printf.o)
                0x000000002003b064                printf
 .text          0x000000002003b0a0        0x0 c:/intelfpga/18.1/nios2eds/bin/gnu/h-x86_64-mingw32/bin/../lib/gcc/nios2-elf/5.3.0/../../../../../H-x86_64-mingw32/nios2-elf/lib\libc.a(lib_a-puts.o)
 .text._puts_r  0x000000002003b0a0       0xc0 c:/intelfpga/18.1/nios2eds/bin/gnu/h-x86_64-mingw32/bin/../lib/gcc/nios2-elf/5.3.0/../../../../../H-x86_64-mingw32/nios2-elf/lib\libc.a(lib_a-puts.o)
                0x000000002003b0a0                _puts_r
 .text.puts     0x000000002003b160       0x14 c:/intelfpga/18.1/nios2eds/bin/gnu/h-x86_64-mingw32/bin/../lib/gcc/nios2-elf/5.3.0/../../../../../H-x86_64-mingw32/nios2-elf/lib\libc.a(lib_a-puts.o)
                0x000000002003b160                puts
 .text          0x000000002003b174        0x0 c:/intelfpga/18.1/nios2eds/bin/gnu/h-x86_64-mingw32/bin/../lib/gcc/nios2-elf/5.3.0/../../../../../H-x86_64-mingw32/nios2-elf/lib\libc.a(lib_a-rand.o)
 .text.srand    0x000000002003b174       0x18 c:/intelfpga/18.1/nios2eds/bin/gnu/h-x86_64-mingw32/bin/../lib/gcc/nios2-elf/5.3.0/../../../../../H-x86_64-mingw32/nios2-elf/lib\libc.a(lib_a-rand.o)
                0x000000002003b174                srand
 .text.rand     0x000000002003b18c       0x64 c:/intelfpga/18.1/nios2eds/bin/gnu/h-x86_64-mingw32/bin/../lib/gcc/nios2-elf/5.3.0/../../../../../H-x86_64-mingw32/nios2-elf/lib\libc.a(lib_a-rand.o)
                0x000000002003b18c                rand
 .text          0x000000002003b1f0        0x0 c:/intelfpga/18.1/nios2eds/bin/gnu/h-x86_64-mingw32/bin/../lib/gcc/nios2-elf/5.3.0/../../../../../H-x86_64-mingw32/nios2-elf/lib\libc.a(lib_a-sbrkr.o)
 .text._sbrk_r  0x000000002003b1f0       0x54 c:/intelfpga/18.1/nios2eds/bin/gnu/h-x86_64-mingw32/bin/../lib/gcc/nios2-elf/5.3.0/../../../../../H-x86_64-mingw32/nios2-elf/lib\libc.a(lib_a-sbrkr.o)
                0x000000002003b1f0                _sbrk_r
 .text          0x000000002003b244        0x0 c:/intelfpga/18.1/nios2eds/bin/gnu/h-x86_64-mingw32/bin/../lib/gcc/nios2-elf/5.3.0/../../../../../H-x86_64-mingw32/nios2-elf/lib\libc.a(lib_a-strlen.o)
 .text.strlen   0x000000002003b244       0x98 c:/intelfpga/18.1/nios2eds/bin/gnu/h-x86_64-mingw32/bin/../lib/gcc/nios2-elf/5.3.0/../../../../../H-x86_64-mingw32/nios2-elf/lib\libc.a(lib_a-strlen.o)
                0x000000002003b244                strlen
 .text          0x000000002003b2dc        0x0 c:/intelfpga/18.1/nios2eds/bin/gnu/h-x86_64-mingw32/bin/../lib/gcc/nios2-elf/5.3.0/../../../../../H-x86_64-mingw32/nios2-elf/lib\libc.a(lib_a-vfprintf.o)
 .text.___vfprintf_internal_r
                0x000000002003b2dc     0x21f8 c:/intelfpga/18.1/nios2eds/bin/gnu/h-x86_64-mingw32/bin/../lib/gcc/nios2-elf/5.3.0/../../../../../H-x86_64-mingw32/nios2-elf/lib\libc.a(lib_a-vfprintf.o)
                0x000000002003b2dc                ___vfprintf_internal_r
 .text.__vfprintf_internal
                0x000000002003d4d4       0x1c c:/intelfpga/18.1/nios2eds/bin/gnu/h-x86_64-mingw32/bin/../lib/gcc/nios2-elf/5.3.0/../../../../../H-x86_64-mingw32/nios2-elf/lib\libc.a(lib_a-vfprintf.o)
                0x000000002003d4d4                __vfprintf_internal
 .text.__sbprintf
                0x000000002003d4f0       0xbc c:/intelfpga/18.1/nios2eds/bin/gnu/h-x86_64-mingw32/bin/../lib/gcc/nios2-elf/5.3.0/../../../../../H-x86_64-mingw32/nios2-elf/lib\libc.a(lib_a-vfprintf.o)
 .text          0x000000002003d5ac        0x0 c:/intelfpga/18.1/nios2eds/bin/gnu/h-x86_64-mingw32/bin/../lib/gcc/nios2-elf/5.3.0/../../../../../H-x86_64-mingw32/nios2-elf/lib\libc.a(lib_a-wsetup.o)
 .text.__swsetup_r
                0x000000002003d5ac      0x154 c:/intelfpga/18.1/nios2eds/bin/gnu/h-x86_64-mingw32/bin/../lib/gcc/nios2-elf/5.3.0/../../../../../H-x86_64-mingw32/nios2-elf/lib\libc.a(lib_a-wsetup.o)
                0x000000002003d5ac                __swsetup_r
 .text          0x000000002003d700        0x0 c:/intelfpga/18.1/nios2eds/bin/gnu/h-x86_64-mingw32/bin/../lib/gcc/nios2-elf/5.3.0/../../../../../H-x86_64-mingw32/nios2-elf/lib\libc.a(lib_a-dtoa.o)
 .text.quorem   0x000000002003d700      0x200 c:/intelfpga/18.1/nios2eds/bin/gnu/h-x86_64-mingw32/bin/../lib/gcc/nios2-elf/5.3.0/../../../../../H-x86_64-mingw32/nios2-elf/lib\libc.a(lib_a-dtoa.o)
 .text._dtoa_r  0x000000002003d900     0x1688 c:/intelfpga/18.1/nios2eds/bin/gnu/h-x86_64-mingw32/bin/../lib/gcc/nios2-elf/5.3.0/../../../../../H-x86_64-mingw32/nios2-elf/lib\libc.a(lib_a-dtoa.o)
                0x000000002003d900                _dtoa_r
 .text          0x000000002003ef88        0x0 c:/intelfpga/18.1/nios2eds/bin/gnu/h-x86_64-mingw32/bin/../lib/gcc/nios2-elf/5.3.0/../../../../../H-x86_64-mingw32/nios2-elf/lib\libc.a(lib_a-fflush.o)
 .text.__sflush_r
                0x000000002003ef88      0x21c c:/intelfpga/18.1/nios2eds/bin/gnu/h-x86_64-mingw32/bin/../lib/gcc/nios2-elf/5.3.0/../../../../../H-x86_64-mingw32/nios2-elf/lib\libc.a(lib_a-fflush.o)
                0x000000002003ef88                __sflush_r
 .text._fflush_r
                0x000000002003f1a4       0x5c c:/intelfpga/18.1/nios2eds/bin/gnu/h-x86_64-mingw32/bin/../lib/gcc/nios2-elf/5.3.0/../../../../../H-x86_64-mingw32/nios2-elf/lib\libc.a(lib_a-fflush.o)
                0x000000002003f1a4                _fflush_r
 .text.fflush   0x000000002003f200       0x30 c:/intelfpga/18.1/nios2eds/bin/gnu/h-x86_64-mingw32/bin/../lib/gcc/nios2-elf/5.3.0/../../../../../H-x86_64-mingw32/nios2-elf/lib\libc.a(lib_a-fflush.o)
                0x000000002003f200                fflush
 .text          0x000000002003f230        0x0 c:/intelfpga/18.1/nios2eds/bin/gnu/h-x86_64-mingw32/bin/../lib/gcc/nios2-elf/5.3.0/../../../../../H-x86_64-mingw32/nios2-elf/lib\libc.a(lib_a-findfp.o)
 .text.__fp_unlock
                0x000000002003f230        0x8 c:/intelfpga/18.1/nios2eds/bin/gnu/h-x86_64-mingw32/bin/../lib/gcc/nios2-elf/5.3.0/../../../../../H-x86_64-mingw32/nios2-elf/lib\libc.a(lib_a-findfp.o)
 .text._cleanup_r
                0x000000002003f238        0xc c:/intelfpga/18.1/nios2eds/bin/gnu/h-x86_64-mingw32/bin/../lib/gcc/nios2-elf/5.3.0/../../../../../H-x86_64-mingw32/nios2-elf/lib\libc.a(lib_a-findfp.o)
                0x000000002003f238                _cleanup_r
 .text.__sinit.part.1
                0x000000002003f244      0x19c c:/intelfpga/18.1/nios2eds/bin/gnu/h-x86_64-mingw32/bin/../lib/gcc/nios2-elf/5.3.0/../../../../../H-x86_64-mingw32/nios2-elf/lib\libc.a(lib_a-findfp.o)
 .text.__fp_lock
                0x000000002003f3e0        0x8 c:/intelfpga/18.1/nios2eds/bin/gnu/h-x86_64-mingw32/bin/../lib/gcc/nios2-elf/5.3.0/../../../../../H-x86_64-mingw32/nios2-elf/lib\libc.a(lib_a-findfp.o)
 .text.__sfmoreglue
                0x000000002003f3e8       0x68 c:/intelfpga/18.1/nios2eds/bin/gnu/h-x86_64-mingw32/bin/../lib/gcc/nios2-elf/5.3.0/../../../../../H-x86_64-mingw32/nios2-elf/lib\libc.a(lib_a-findfp.o)
                0x000000002003f3e8                __sfmoreglue
 .text.__sfp    0x000000002003f450      0x118 c:/intelfpga/18.1/nios2eds/bin/gnu/h-x86_64-mingw32/bin/../lib/gcc/nios2-elf/5.3.0/../../../../../H-x86_64-mingw32/nios2-elf/lib\libc.a(lib_a-findfp.o)
                0x000000002003f450                __sfp
 .text._cleanup
                0x000000002003f568       0x18 c:/intelfpga/18.1/nios2eds/bin/gnu/h-x86_64-mingw32/bin/../lib/gcc/nios2-elf/5.3.0/../../../../../H-x86_64-mingw32/nios2-elf/lib\libc.a(lib_a-findfp.o)
                0x000000002003f568                _cleanup
 .text.__sinit  0x000000002003f580       0x10 c:/intelfpga/18.1/nios2eds/bin/gnu/h-x86_64-mingw32/bin/../lib/gcc/nios2-elf/5.3.0/../../../../../H-x86_64-mingw32/nios2-elf/lib\libc.a(lib_a-findfp.o)
                0x000000002003f580                __sinit
 .text.__sfp_lock_acquire
                0x000000002003f590        0x4 c:/intelfpga/18.1/nios2eds/bin/gnu/h-x86_64-mingw32/bin/../lib/gcc/nios2-elf/5.3.0/../../../../../H-x86_64-mingw32/nios2-elf/lib\libc.a(lib_a-findfp.o)
                0x000000002003f590                __sfp_lock_acquire
 .text.__sfp_lock_release
                0x000000002003f594        0x4 c:/intelfpga/18.1/nios2eds/bin/gnu/h-x86_64-mingw32/bin/../lib/gcc/nios2-elf/5.3.0/../../../../../H-x86_64-mingw32/nios2-elf/lib\libc.a(lib_a-findfp.o)
                0x000000002003f594                __sfp_lock_release
 .text.__sinit_lock_acquire
                0x000000002003f598        0x4 c:/intelfpga/18.1/nios2eds/bin/gnu/h-x86_64-mingw32/bin/../lib/gcc/nios2-elf/5.3.0/../../../../../H-x86_64-mingw32/nios2-elf/lib\libc.a(lib_a-findfp.o)
                0x000000002003f598                __sinit_lock_acquire
 .text.__sinit_lock_release
                0x000000002003f59c        0x4 c:/intelfpga/18.1/nios2eds/bin/gnu/h-x86_64-mingw32/bin/../lib/gcc/nios2-elf/5.3.0/../../../../../H-x86_64-mingw32/nios2-elf/lib\libc.a(lib_a-findfp.o)
                0x000000002003f59c                __sinit_lock_release
 .text.__fp_lock_all
                0x000000002003f5a0       0x18 c:/intelfpga/18.1/nios2eds/bin/gnu/h-x86_64-mingw32/bin/../lib/gcc/nios2-elf/5.3.0/../../../../../H-x86_64-mingw32/nios2-elf/lib\libc.a(lib_a-findfp.o)
                0x000000002003f5a0                __fp_lock_all
 .text.__fp_unlock_all
                0x000000002003f5b8       0x18 c:/intelfpga/18.1/nios2eds/bin/gnu/h-x86_64-mingw32/bin/../lib/gcc/nios2-elf/5.3.0/../../../../../H-x86_64-mingw32/nios2-elf/lib\libc.a(lib_a-findfp.o)
                0x000000002003f5b8                __fp_unlock_all
 .text          0x000000002003f5d0        0x0 c:/intelfpga/18.1/nios2eds/bin/gnu/h-x86_64-mingw32/bin/../lib/gcc/nios2-elf/5.3.0/../../../../../H-x86_64-mingw32/nios2-elf/lib\libc.a(lib_a-freer.o)
 .text._malloc_trim_r
                0x000000002003f5d0      0x124 c:/intelfpga/18.1/nios2eds/bin/gnu/h-x86_64-mingw32/bin/../lib/gcc/nios2-elf/5.3.0/../../../../../H-x86_64-mingw32/nios2-elf/lib\libc.a(lib_a-freer.o)
                0x000000002003f5d0                _malloc_trim_r
 .text._free_r  0x000000002003f6f4      0x310 c:/intelfpga/18.1/nios2eds/bin/gnu/h-x86_64-mingw32/bin/../lib/gcc/nios2-elf/5.3.0/../../../../../H-x86_64-mingw32/nios2-elf/lib\libc.a(lib_a-freer.o)
                0x000000002003f6f4                _free_r
 .text          0x000000002003fa04        0x0 c:/intelfpga/18.1/nios2eds/bin/gnu/h-x86_64-mingw32/bin/../lib/gcc/nios2-elf/5.3.0/../../../../../H-x86_64-mingw32/nios2-elf/lib\libc.a(lib_a-fvwrite.o)
 .text.__sfvwrite_r
                0x000000002003fa04      0x4bc c:/intelfpga/18.1/nios2eds/bin/gnu/h-x86_64-mingw32/bin/../lib/gcc/nios2-elf/5.3.0/../../../../../H-x86_64-mingw32/nios2-elf/lib\libc.a(lib_a-fvwrite.o)
                0x000000002003fa04                __sfvwrite_r
 .text          0x000000002003fec0        0x0 c:/intelfpga/18.1/nios2eds/bin/gnu/h-x86_64-mingw32/bin/../lib/gcc/nios2-elf/5.3.0/../../../../../H-x86_64-mingw32/nios2-elf/lib\libc.a(lib_a-fwalk.o)
 .text._fwalk   0x000000002003fec0       0xc4 c:/intelfpga/18.1/nios2eds/bin/gnu/h-x86_64-mingw32/bin/../lib/gcc/nios2-elf/5.3.0/../../../../../H-x86_64-mingw32/nios2-elf/lib\libc.a(lib_a-fwalk.o)
                0x000000002003fec0                _fwalk
 .text._fwalk_reent
                0x000000002003ff84       0xc4 c:/intelfpga/18.1/nios2eds/bin/gnu/h-x86_64-mingw32/bin/../lib/gcc/nios2-elf/5.3.0/../../../../../H-x86_64-mingw32/nios2-elf/lib\libc.a(lib_a-fwalk.o)
                0x000000002003ff84                _fwalk_reent
 .text          0x0000000020040048        0x0 c:/intelfpga/18.1/nios2eds/bin/gnu/h-x86_64-mingw32/bin/../lib/gcc/nios2-elf/5.3.0/../../../../../H-x86_64-mingw32/nios2-elf/lib\libc.a(lib_a-impure.o)
 .text          0x0000000020040048        0x0 c:/intelfpga/18.1/nios2eds/bin/gnu/h-x86_64-mingw32/bin/../lib/gcc/nios2-elf/5.3.0/../../../../../H-x86_64-mingw32/nios2-elf/lib\libc.a(lib_a-int_errno.o)
 .text          0x0000000020040048        0x0 c:/intelfpga/18.1/nios2eds/bin/gnu/h-x86_64-mingw32/bin/../lib/gcc/nios2-elf/5.3.0/../../../../../H-x86_64-mingw32/nios2-elf/lib\libc.a(lib_a-locale.o)
 .text._setlocale_r
                0x0000000020040048       0x7c c:/intelfpga/18.1/nios2eds/bin/gnu/h-x86_64-mingw32/bin/../lib/gcc/nios2-elf/5.3.0/../../../../../H-x86_64-mingw32/nios2-elf/lib\libc.a(lib_a-locale.o)
                0x0000000020040048                _setlocale_r
 .text.__locale_charset
                0x00000000200400c4        0xc c:/intelfpga/18.1/nios2eds/bin/gnu/h-x86_64-mingw32/bin/../lib/gcc/nios2-elf/5.3.0/../../../../../H-x86_64-mingw32/nios2-elf/lib\libc.a(lib_a-locale.o)
                0x00000000200400c4                __locale_charset
 .text.__locale_mb_cur_max
                0x00000000200400d0       0x10 c:/intelfpga/18.1/nios2eds/bin/gnu/h-x86_64-mingw32/bin/../lib/gcc/nios2-elf/5.3.0/../../../../../H-x86_64-mingw32/nios2-elf/lib\libc.a(lib_a-locale.o)
                0x00000000200400d0                __locale_mb_cur_max
 .text.__locale_msgcharset
                0x00000000200400e0        0xc c:/intelfpga/18.1/nios2eds/bin/gnu/h-x86_64-mingw32/bin/../lib/gcc/nios2-elf/5.3.0/../../../../../H-x86_64-mingw32/nios2-elf/lib\libc.a(lib_a-locale.o)
                0x00000000200400e0                __locale_msgcharset
 .text.__locale_cjk_lang
                0x00000000200400ec        0x8 c:/intelfpga/18.1/nios2eds/bin/gnu/h-x86_64-mingw32/bin/../lib/gcc/nios2-elf/5.3.0/../../../../../H-x86_64-mingw32/nios2-elf/lib\libc.a(lib_a-locale.o)
                0x00000000200400ec                __locale_cjk_lang
 .text._localeconv_r
                0x00000000200400f4        0xc c:/intelfpga/18.1/nios2eds/bin/gnu/h-x86_64-mingw32/bin/../lib/gcc/nios2-elf/5.3.0/../../../../../H-x86_64-mingw32/nios2-elf/lib\libc.a(lib_a-locale.o)
                0x00000000200400f4                _localeconv_r
 .text.setlocale
                0x0000000020040100       0x18 c:/intelfpga/18.1/nios2eds/bin/gnu/h-x86_64-mingw32/bin/../lib/gcc/nios2-elf/5.3.0/../../../../../H-x86_64-mingw32/nios2-elf/lib\libc.a(lib_a-locale.o)
                0x0000000020040100                setlocale
 .text.localeconv
                0x0000000020040118        0xc c:/intelfpga/18.1/nios2eds/bin/gnu/h-x86_64-mingw32/bin/../lib/gcc/nios2-elf/5.3.0/../../../../../H-x86_64-mingw32/nios2-elf/lib\libc.a(lib_a-locale.o)
                0x0000000020040118                localeconv
 .text          0x0000000020040124        0x0 c:/intelfpga/18.1/nios2eds/bin/gnu/h-x86_64-mingw32/bin/../lib/gcc/nios2-elf/5.3.0/../../../../../H-x86_64-mingw32/nios2-elf/lib\libc.a(lib_a-makebuf.o)
 .text.__smakebuf_r
                0x0000000020040124      0x1bc c:/intelfpga/18.1/nios2eds/bin/gnu/h-x86_64-mingw32/bin/../lib/gcc/nios2-elf/5.3.0/../../../../../H-x86_64-mingw32/nios2-elf/lib\libc.a(lib_a-makebuf.o)
                0x0000000020040124                __smakebuf_r
 .text          0x00000000200402e0        0x0 c:/intelfpga/18.1/nios2eds/bin/gnu/h-x86_64-mingw32/bin/../lib/gcc/nios2-elf/5.3.0/../../../../../H-x86_64-mingw32/nios2-elf/lib\libc.a(lib_a-memchr.o)
 .text.memchr   0x00000000200402e0       0xe4 c:/intelfpga/18.1/nios2eds/bin/gnu/h-x86_64-mingw32/bin/../lib/gcc/nios2-elf/5.3.0/../../../../../H-x86_64-mingw32/nios2-elf/lib\libc.a(lib_a-memchr.o)
                0x00000000200402e0                memchr
 .text          0x00000000200403c4        0x0 c:/intelfpga/18.1/nios2eds/bin/gnu/h-x86_64-mingw32/bin/../lib/gcc/nios2-elf/5.3.0/../../../../../H-x86_64-mingw32/nios2-elf/lib\libc.a(lib_a-memmove.o)
 .text.memmove  0x00000000200403c4      0x15c c:/intelfpga/18.1/nios2eds/bin/gnu/h-x86_64-mingw32/bin/../lib/gcc/nios2-elf/5.3.0/../../../../../H-x86_64-mingw32/nios2-elf/lib\libc.a(lib_a-memmove.o)
                0x00000000200403c4                memmove
 .text          0x0000000020040520        0x0 c:/intelfpga/18.1/nios2eds/bin/gnu/h-x86_64-mingw32/bin/../lib/gcc/nios2-elf/5.3.0/../../../../../H-x86_64-mingw32/nios2-elf/lib\libc.a(lib_a-mprec.o)
 .text._Balloc  0x0000000020040520       0xa8 c:/intelfpga/18.1/nios2eds/bin/gnu/h-x86_64-mingw32/bin/../lib/gcc/nios2-elf/5.3.0/../../../../../H-x86_64-mingw32/nios2-elf/lib\libc.a(lib_a-mprec.o)
                0x0000000020040520                _Balloc
 .text._Bfree   0x00000000200405c8       0x28 c:/intelfpga/18.1/nios2eds/bin/gnu/h-x86_64-mingw32/bin/../lib/gcc/nios2-elf/5.3.0/../../../../../H-x86_64-mingw32/nios2-elf/lib\libc.a(lib_a-mprec.o)
                0x00000000200405c8                _Bfree
 .text.__multadd
                0x00000000200405f0      0x120 c:/intelfpga/18.1/nios2eds/bin/gnu/h-x86_64-mingw32/bin/../lib/gcc/nios2-elf/5.3.0/../../../../../H-x86_64-mingw32/nios2-elf/lib\libc.a(lib_a-mprec.o)
                0x00000000200405f0                __multadd
 .text.__s2b    0x0000000020040710      0x104 c:/intelfpga/18.1/nios2eds/bin/gnu/h-x86_64-mingw32/bin/../lib/gcc/nios2-elf/5.3.0/../../../../../H-x86_64-mingw32/nios2-elf/lib\libc.a(lib_a-mprec.o)
                0x0000000020040710                __s2b
 .text.__hi0bits
                0x0000000020040814       0x68 c:/intelfpga/18.1/nios2eds/bin/gnu/h-x86_64-mingw32/bin/../lib/gcc/nios2-elf/5.3.0/../../../../../H-x86_64-mingw32/nios2-elf/lib\libc.a(lib_a-mprec.o)
                0x0000000020040814                __hi0bits
 .text.__lo0bits
                0x000000002004087c       0xb0 c:/intelfpga/18.1/nios2eds/bin/gnu/h-x86_64-mingw32/bin/../lib/gcc/nios2-elf/5.3.0/../../../../../H-x86_64-mingw32/nios2-elf/lib\libc.a(lib_a-mprec.o)
                0x000000002004087c                __lo0bits
 .text.__i2b    0x000000002004092c       0x3c c:/intelfpga/18.1/nios2eds/bin/gnu/h-x86_64-mingw32/bin/../lib/gcc/nios2-elf/5.3.0/../../../../../H-x86_64-mingw32/nios2-elf/lib\libc.a(lib_a-mprec.o)
                0x000000002004092c                __i2b
 .text.__multiply
                0x0000000020040968      0x1f8 c:/intelfpga/18.1/nios2eds/bin/gnu/h-x86_64-mingw32/bin/../lib/gcc/nios2-elf/5.3.0/../../../../../H-x86_64-mingw32/nios2-elf/lib\libc.a(lib_a-mprec.o)
                0x0000000020040968                __multiply
 .text.__pow5mult
                0x0000000020040b60      0x140 c:/intelfpga/18.1/nios2eds/bin/gnu/h-x86_64-mingw32/bin/../lib/gcc/nios2-elf/5.3.0/../../../../../H-x86_64-mingw32/nios2-elf/lib\libc.a(lib_a-mprec.o)
                0x0000000020040b60                __pow5mult
 .text.__lshift
                0x0000000020040ca0      0x148 c:/intelfpga/18.1/nios2eds/bin/gnu/h-x86_64-mingw32/bin/../lib/gcc/nios2-elf/5.3.0/../../../../../H-x86_64-mingw32/nios2-elf/lib\libc.a(lib_a-mprec.o)
                0x0000000020040ca0                __lshift
 .text.__mcmp   0x0000000020040de8       0x60 c:/intelfpga/18.1/nios2eds/bin/gnu/h-x86_64-mingw32/bin/../lib/gcc/nios2-elf/5.3.0/../../../../../H-x86_64-mingw32/nios2-elf/lib\libc.a(lib_a-mprec.o)
                0x0000000020040de8                __mcmp
 .text.__mdiff  0x0000000020040e48      0x1fc c:/intelfpga/18.1/nios2eds/bin/gnu/h-x86_64-mingw32/bin/../lib/gcc/nios2-elf/5.3.0/../../../../../H-x86_64-mingw32/nios2-elf/lib\libc.a(lib_a-mprec.o)
                0x0000000020040e48                __mdiff
 .text.__ulp    0x0000000020041044       0x64 c:/intelfpga/18.1/nios2eds/bin/gnu/h-x86_64-mingw32/bin/../lib/gcc/nios2-elf/5.3.0/../../../../../H-x86_64-mingw32/nios2-elf/lib\libc.a(lib_a-mprec.o)
                0x0000000020041044                __ulp
 .text.__b2d    0x00000000200410a8      0x10c c:/intelfpga/18.1/nios2eds/bin/gnu/h-x86_64-mingw32/bin/../lib/gcc/nios2-elf/5.3.0/../../../../../H-x86_64-mingw32/nios2-elf/lib\libc.a(lib_a-mprec.o)
                0x00000000200410a8                __b2d
 .text.__d2b    0x00000000200411b4      0x14c c:/intelfpga/18.1/nios2eds/bin/gnu/h-x86_64-mingw32/bin/../lib/gcc/nios2-elf/5.3.0/../../../../../H-x86_64-mingw32/nios2-elf/lib\libc.a(lib_a-mprec.o)
                0x00000000200411b4                __d2b
 .text.__ratio  0x0000000020041300       0xa4 c:/intelfpga/18.1/nios2eds/bin/gnu/h-x86_64-mingw32/bin/../lib/gcc/nios2-elf/5.3.0/../../../../../H-x86_64-mingw32/nios2-elf/lib\libc.a(lib_a-mprec.o)
                0x0000000020041300                __ratio
 .text._mprec_log10
                0x00000000200413a4       0x74 c:/intelfpga/18.1/nios2eds/bin/gnu/h-x86_64-mingw32/bin/../lib/gcc/nios2-elf/5.3.0/../../../../../H-x86_64-mingw32/nios2-elf/lib\libc.a(lib_a-mprec.o)
                0x00000000200413a4                _mprec_log10
 .text.__copybits
                0x0000000020041418       0x78 c:/intelfpga/18.1/nios2eds/bin/gnu/h-x86_64-mingw32/bin/../lib/gcc/nios2-elf/5.3.0/../../../../../H-x86_64-mingw32/nios2-elf/lib\libc.a(lib_a-mprec.o)
                0x0000000020041418                __copybits
 .text.__any_on
                0x0000000020041490       0x8c c:/intelfpga/18.1/nios2eds/bin/gnu/h-x86_64-mingw32/bin/../lib/gcc/nios2-elf/5.3.0/../../../../../H-x86_64-mingw32/nios2-elf/lib\libc.a(lib_a-mprec.o)
                0x0000000020041490                __any_on
 .text          0x000000002004151c        0x0 c:/intelfpga/18.1/nios2eds/bin/gnu/h-x86_64-mingw32/bin/../lib/gcc/nios2-elf/5.3.0/../../../../../H-x86_64-mingw32/nios2-elf/lib\libc.a(lib_a-reallocr.o)
 .text._realloc_r
                0x000000002004151c      0x564 c:/intelfpga/18.1/nios2eds/bin/gnu/h-x86_64-mingw32/bin/../lib/gcc/nios2-elf/5.3.0/../../../../../H-x86_64-mingw32/nios2-elf/lib\libc.a(lib_a-reallocr.o)
                0x000000002004151c                _realloc_r
 .text          0x0000000020041a80        0x0 c:/intelfpga/18.1/nios2eds/bin/gnu/h-x86_64-mingw32/bin/../lib/gcc/nios2-elf/5.3.0/../../../../../H-x86_64-mingw32/nios2-elf/lib\libc.a(lib_a-s_fpclassify.o)
 .text.__fpclassifyd
                0x0000000020041a80       0x74 c:/intelfpga/18.1/nios2eds/bin/gnu/h-x86_64-mingw32/bin/../lib/gcc/nios2-elf/5.3.0/../../../../../H-x86_64-mingw32/nios2-elf/lib\libc.a(lib_a-s_fpclassify.o)
                0x0000000020041a80                __fpclassifyd
 .text          0x0000000020041af4        0x0 c:/intelfpga/18.1/nios2eds/bin/gnu/h-x86_64-mingw32/bin/../lib/gcc/nios2-elf/5.3.0/../../../../../H-x86_64-mingw32/nios2-elf/lib\libc.a(lib_a-stdio.o)
 .text.__sread  0x0000000020041af4       0x54 c:/intelfpga/18.1/nios2eds/bin/gnu/h-x86_64-mingw32/bin/../lib/gcc/nios2-elf/5.3.0/../../../../../H-x86_64-mingw32/nios2-elf/lib\libc.a(lib_a-stdio.o)
                0x0000000020041af4                __sread
 .text.__seofread
                0x0000000020041b48        0x8 c:/intelfpga/18.1/nios2eds/bin/gnu/h-x86_64-mingw32/bin/../lib/gcc/nios2-elf/5.3.0/../../../../../H-x86_64-mingw32/nios2-elf/lib\libc.a(lib_a-stdio.o)
                0x0000000020041b48                __seofread
 .text.__swrite
                0x0000000020041b50       0x7c c:/intelfpga/18.1/nios2eds/bin/gnu/h-x86_64-mingw32/bin/../lib/gcc/nios2-elf/5.3.0/../../../../../H-x86_64-mingw32/nios2-elf/lib\libc.a(lib_a-stdio.o)
                0x0000000020041b50                __swrite
 .text.__sseek  0x0000000020041bcc       0x5c c:/intelfpga/18.1/nios2eds/bin/gnu/h-x86_64-mingw32/bin/../lib/gcc/nios2-elf/5.3.0/../../../../../H-x86_64-mingw32/nios2-elf/lib\libc.a(lib_a-stdio.o)
                0x0000000020041bcc                __sseek
 .text.__sclose
                0x0000000020041c28        0x8 c:/intelfpga/18.1/nios2eds/bin/gnu/h-x86_64-mingw32/bin/../lib/gcc/nios2-elf/5.3.0/../../../../../H-x86_64-mingw32/nios2-elf/lib\libc.a(lib_a-stdio.o)
                0x0000000020041c28                __sclose
 .text          0x0000000020041c30        0x0 c:/intelfpga/18.1/nios2eds/bin/gnu/h-x86_64-mingw32/bin/../lib/gcc/nios2-elf/5.3.0/../../../../../H-x86_64-mingw32/nios2-elf/lib\libc.a(lib_a-strcmp.o)
 .text.strcmp   0x0000000020041c30       0xdc c:/intelfpga/18.1/nios2eds/bin/gnu/h-x86_64-mingw32/bin/../lib/gcc/nios2-elf/5.3.0/../../../../../H-x86_64-mingw32/nios2-elf/lib\libc.a(lib_a-strcmp.o)
                0x0000000020041c30                strcmp
 .text          0x0000000020041d0c        0x0 c:/intelfpga/18.1/nios2eds/bin/gnu/h-x86_64-mingw32/bin/../lib/gcc/nios2-elf/5.3.0/../../../../../H-x86_64-mingw32/nios2-elf/lib\libc.a(lib_a-vfiprintf.o)
 .text.__sprint_r.part.0
                0x0000000020041d0c       0xfc c:/intelfpga/18.1/nios2eds/bin/gnu/h-x86_64-mingw32/bin/../lib/gcc/nios2-elf/5.3.0/../../../../../H-x86_64-mingw32/nios2-elf/lib\libc.a(lib_a-vfiprintf.o)
 .text.__sprint_r
                0x0000000020041e08       0x18 c:/intelfpga/18.1/nios2eds/bin/gnu/h-x86_64-mingw32/bin/../lib/gcc/nios2-elf/5.3.0/../../../../../H-x86_64-mingw32/nios2-elf/lib\libc.a(lib_a-vfiprintf.o)
                0x0000000020041e08                __sprint_r
 .text.___vfiprintf_internal_r
                0x0000000020041e20     0x145c c:/intelfpga/18.1/nios2eds/bin/gnu/h-x86_64-mingw32/bin/../lib/gcc/nios2-elf/5.3.0/../../../../../H-x86_64-mingw32/nios2-elf/lib\libc.a(lib_a-vfiprintf.o)
                0x0000000020041e20                ___vfiprintf_internal_r
 .text.__vfiprintf_internal
                0x000000002004327c       0x1c c:/intelfpga/18.1/nios2eds/bin/gnu/h-x86_64-mingw32/bin/../lib/gcc/nios2-elf/5.3.0/../../../../../H-x86_64-mingw32/nios2-elf/lib\libc.a(lib_a-vfiprintf.o)
                0x000000002004327c                __vfiprintf_internal
 .text.__sbprintf
                0x0000000020043298       0xbc c:/intelfpga/18.1/nios2eds/bin/gnu/h-x86_64-mingw32/bin/../lib/gcc/nios2-elf/5.3.0/../../../../../H-x86_64-mingw32/nios2-elf/lib\libc.a(lib_a-vfiprintf.o)
 .text          0x0000000020043354        0x0 c:/intelfpga/18.1/nios2eds/bin/gnu/h-x86_64-mingw32/bin/../lib/gcc/nios2-elf/5.3.0/../../../../../H-x86_64-mingw32/nios2-elf/lib\libc.a(lib_a-writer.o)
 .text._write_r
                0x0000000020043354       0x60 c:/intelfpga/18.1/nios2eds/bin/gnu/h-x86_64-mingw32/bin/../lib/gcc/nios2-elf/5.3.0/../../../../../H-x86_64-mingw32/nios2-elf/lib\libc.a(lib_a-writer.o)
                0x0000000020043354                _write_r
 .text          0x00000000200433b4        0x0 c:/intelfpga/18.1/nios2eds/bin/gnu/h-x86_64-mingw32/bin/../lib/gcc/nios2-elf/5.3.0/../../../../../H-x86_64-mingw32/nios2-elf/lib\libc.a(closer.o)
 .text._close_r
                0x00000000200433b4       0x54 c:/intelfpga/18.1/nios2eds/bin/gnu/h-x86_64-mingw32/bin/../lib/gcc/nios2-elf/5.3.0/../../../../../H-x86_64-mingw32/nios2-elf/lib\libc.a(closer.o)
                0x00000000200433b4                _close_r
 .text          0x0000000020043408        0x0 c:/intelfpga/18.1/nios2eds/bin/gnu/h-x86_64-mingw32/bin/../lib/gcc/nios2-elf/5.3.0/../../../../../H-x86_64-mingw32/nios2-elf/lib\libc.a(lib_a-callocr.o)
 .text._calloc_r
                0x0000000020043408       0xc4 c:/intelfpga/18.1/nios2eds/bin/gnu/h-x86_64-mingw32/bin/../lib/gcc/nios2-elf/5.3.0/../../../../../H-x86_64-mingw32/nios2-elf/lib\libc.a(lib_a-callocr.o)
                0x0000000020043408                _calloc_r
 .text          0x00000000200434cc        0x0 c:/intelfpga/18.1/nios2eds/bin/gnu/h-x86_64-mingw32/bin/../lib/gcc/nios2-elf/5.3.0/../../../../../H-x86_64-mingw32/nios2-elf/lib\libc.a(lib_a-fclose.o)
 .text._fclose_r
                0x00000000200434cc       0xf0 c:/intelfpga/18.1/nios2eds/bin/gnu/h-x86_64-mingw32/bin/../lib/gcc/nios2-elf/5.3.0/../../../../../H-x86_64-mingw32/nios2-elf/lib\libc.a(lib_a-fclose.o)
                0x00000000200434cc                _fclose_r
 .text.fclose   0x00000000200435bc       0x14 c:/intelfpga/18.1/nios2eds/bin/gnu/h-x86_64-mingw32/bin/../lib/gcc/nios2-elf/5.3.0/../../../../../H-x86_64-mingw32/nios2-elf/lib\libc.a(lib_a-fclose.o)
                0x00000000200435bc                fclose
 .text          0x00000000200435d0        0x0 c:/intelfpga/18.1/nios2eds/bin/gnu/h-x86_64-mingw32/bin/../lib/gcc/nios2-elf/5.3.0/../../../../../H-x86_64-mingw32/nios2-elf/lib\libc.a(lib_a-fputwc.o)
 .text.__fputwc
                0x00000000200435d0      0x164 c:/intelfpga/18.1/nios2eds/bin/gnu/h-x86_64-mingw32/bin/../lib/gcc/nios2-elf/5.3.0/../../../../../H-x86_64-mingw32/nios2-elf/lib\libc.a(lib_a-fputwc.o)
                0x00000000200435d0                __fputwc
 .text._fputwc_r
                0x0000000020043734       0x24 c:/intelfpga/18.1/nios2eds/bin/gnu/h-x86_64-mingw32/bin/../lib/gcc/nios2-elf/5.3.0/../../../../../H-x86_64-mingw32/nios2-elf/lib\libc.a(lib_a-fputwc.o)
                0x0000000020043734                _fputwc_r
 .text.fputwc   0x0000000020043758       0x80 c:/intelfpga/18.1/nios2eds/bin/gnu/h-x86_64-mingw32/bin/../lib/gcc/nios2-elf/5.3.0/../../../../../H-x86_64-mingw32/nios2-elf/lib\libc.a(lib_a-fputwc.o)
                0x0000000020043758                fputwc
 .text          0x00000000200437d8        0x0 c:/intelfpga/18.1/nios2eds/bin/gnu/h-x86_64-mingw32/bin/../lib/gcc/nios2-elf/5.3.0/../../../../../H-x86_64-mingw32/nios2-elf/lib\libc.a(lib_a-fstatr.o)
 .text._fstat_r
                0x00000000200437d8       0x5c c:/intelfpga/18.1/nios2eds/bin/gnu/h-x86_64-mingw32/bin/../lib/gcc/nios2-elf/5.3.0/../../../../../H-x86_64-mingw32/nios2-elf/lib\libc.a(lib_a-fstatr.o)
                0x00000000200437d8                _fstat_r
 .text          0x0000000020043834        0x0 c:/intelfpga/18.1/nios2eds/bin/gnu/h-x86_64-mingw32/bin/../lib/gcc/nios2-elf/5.3.0/../../../../../H-x86_64-mingw32/nios2-elf/lib\libc.a(lib_a-isattyr.o)
 .text._isatty_r
                0x0000000020043834       0x54 c:/intelfpga/18.1/nios2eds/bin/gnu/h-x86_64-mingw32/bin/../lib/gcc/nios2-elf/5.3.0/../../../../../H-x86_64-mingw32/nios2-elf/lib\libc.a(lib_a-isattyr.o)
                0x0000000020043834                _isatty_r
 .text          0x0000000020043888        0x0 c:/intelfpga/18.1/nios2eds/bin/gnu/h-x86_64-mingw32/bin/../lib/gcc/nios2-elf/5.3.0/../../../../../H-x86_64-mingw32/nios2-elf/lib\libc.a(lib_a-lseekr.o)
 .text._lseek_r
                0x0000000020043888       0x60 c:/intelfpga/18.1/nios2eds/bin/gnu/h-x86_64-mingw32/bin/../lib/gcc/nios2-elf/5.3.0/../../../../../H-x86_64-mingw32/nios2-elf/lib\libc.a(lib_a-lseekr.o)
                0x0000000020043888                _lseek_r
 .text          0x00000000200438e8        0x0 c:/intelfpga/18.1/nios2eds/bin/gnu/h-x86_64-mingw32/bin/../lib/gcc/nios2-elf/5.3.0/../../../../../H-x86_64-mingw32/nios2-elf/lib\libc.a(lib_a-readr.o)
 .text._read_r  0x00000000200438e8       0x60 c:/intelfpga/18.1/nios2eds/bin/gnu/h-x86_64-mingw32/bin/../lib/gcc/nios2-elf/5.3.0/../../../../../H-x86_64-mingw32/nios2-elf/lib\libc.a(lib_a-readr.o)
                0x00000000200438e8                _read_r
 .text          0x0000000020043948        0x0 c:/intelfpga/18.1/nios2eds/bin/gnu/h-x86_64-mingw32/bin/../lib/gcc/nios2-elf/5.3.0/../../../../../H-x86_64-mingw32/nios2-elf/lib\libc.a(lib_a-wbuf.o)
 .text.__swbuf_r
                0x0000000020043948      0x140 c:/intelfpga/18.1/nios2eds/bin/gnu/h-x86_64-mingw32/bin/../lib/gcc/nios2-elf/5.3.0/../../../../../H-x86_64-mingw32/nios2-elf/lib\libc.a(lib_a-wbuf.o)
                0x0000000020043948                __swbuf_r
 .text.__swbuf  0x0000000020043a88       0x18 c:/intelfpga/18.1/nios2eds/bin/gnu/h-x86_64-mingw32/bin/../lib/gcc/nios2-elf/5.3.0/../../../../../H-x86_64-mingw32/nios2-elf/lib\libc.a(lib_a-wbuf.o)
                0x0000000020043a88                __swbuf
 .text          0x0000000020043aa0        0x0 c:/intelfpga/18.1/nios2eds/bin/gnu/h-x86_64-mingw32/bin/../lib/gcc/nios2-elf/5.3.0/../../../../../H-x86_64-mingw32/nios2-elf/lib\libc.a(lib_a-wcrtomb.o)
 .text._wcrtomb_r
                0x0000000020043aa0       0x9c c:/intelfpga/18.1/nios2eds/bin/gnu/h-x86_64-mingw32/bin/../lib/gcc/nios2-elf/5.3.0/../../../../../H-x86_64-mingw32/nios2-elf/lib\libc.a(lib_a-wcrtomb.o)
                0x0000000020043aa0                _wcrtomb_r
 .text.wcrtomb  0x0000000020043b3c       0xc0 c:/intelfpga/18.1/nios2eds/bin/gnu/h-x86_64-mingw32/bin/../lib/gcc/nios2-elf/5.3.0/../../../../../H-x86_64-mingw32/nios2-elf/lib\libc.a(lib_a-wcrtomb.o)
                0x0000000020043b3c                wcrtomb
 .text          0x0000000020043bfc        0x0 c:/intelfpga/18.1/nios2eds/bin/gnu/h-x86_64-mingw32/bin/../lib/gcc/nios2-elf/5.3.0/../../../../../H-x86_64-mingw32/nios2-elf/lib\libc.a(lib_a-wctomb_r.o)
 .text.__ascii_wctomb
                0x0000000020043bfc       0x30 c:/intelfpga/18.1/nios2eds/bin/gnu/h-x86_64-mingw32/bin/../lib/gcc/nios2-elf/5.3.0/../../../../../H-x86_64-mingw32/nios2-elf/lib\libc.a(lib_a-wctomb_r.o)
                0x0000000020043bfc                __ascii_wctomb
 .text._wctomb_r
                0x0000000020043c2c       0x5c c:/intelfpga/18.1/nios2eds/bin/gnu/h-x86_64-mingw32/bin/../lib/gcc/nios2-elf/5.3.0/../../../../../H-x86_64-mingw32/nios2-elf/lib\libc.a(lib_a-wctomb_r.o)
                0x0000000020043c2c                _wctomb_r
 .text          0x0000000020043c88      0x538 c:/intelfpga/18.1/nios2eds/bin/gnu/h-x86_64-mingw32/bin/../lib/gcc/nios2-elf/5.3.0\libgcc.a(_umoddi3.o)
                0x0000000020043c88                __umoddi3
 .text          0x00000000200441c0       0x88 c:/intelfpga/18.1/nios2eds/bin/gnu/h-x86_64-mingw32/bin/../lib/gcc/nios2-elf/5.3.0\libgcc.a(eqdf2.o)
                0x00000000200441c0                __nedf2
                0x00000000200441c0                __eqdf2
 .text          0x0000000020044248       0xdc c:/intelfpga/18.1/nios2eds/bin/gnu/h-x86_64-mingw32/bin/../lib/gcc/nios2-elf/5.3.0\libgcc.a(gedf2.o)
                0x0000000020044248                __gedf2
                0x0000000020044248                __gtdf2
 .text          0x0000000020044324       0xf4 c:/intelfpga/18.1/nios2eds/bin/gnu/h-x86_64-mingw32/bin/../lib/gcc/nios2-elf/5.3.0\libgcc.a(ledf2.o)
                0x0000000020044324                __ledf2
                0x0000000020044324                __ltdf2
 .text          0x0000000020044418      0x8fc c:/intelfpga/18.1/nios2eds/bin/gnu/h-x86_64-mingw32/bin/../lib/gcc/nios2-elf/5.3.0\libgcc.a(subdf3.o)
                0x0000000020044418                __subdf3
 .text          0x0000000020044d14       0x80 c:/intelfpga/18.1/nios2eds/bin/gnu/h-x86_64-mingw32/bin/../lib/gcc/nios2-elf/5.3.0\libgcc.a(fixdfsi.o)
                0x0000000020044d14                __fixdfsi
 .text          0x0000000020044d94       0xdc c:/intelfpga/18.1/nios2eds/bin/gnu/h-x86_64-mingw32/bin/../lib/gcc/nios2-elf/5.3.0\libgcc.a(floatsidf.o)
                0x0000000020044d94                __floatsidf
 .text          0x0000000020044e70      0x10c ../main_bsp\libhal_bsp.a(alt_close.o)
                0x0000000020044eac                close
 .text          0x0000000020044f7c       0x2c ../main_bsp\libhal_bsp.a(alt_dev.o)
 .text          0x0000000020044fa8        0x0 ../main_bsp\libhal_bsp.a(alt_errno.o)
 .text          0x0000000020044fa8       0xbc ../main_bsp\libhal_bsp.a(alt_flash_dev.o)
                0x0000000020044fa8                alt_flash_open_dev
                0x0000000020045010                alt_flash_close_dev
 .text          0x0000000020045064       0xec ../main_bsp\libhal_bsp.a(alt_fstat.o)
                0x00000000200450a0                fstat
 .text          0x0000000020045150      0x1b0 ../main_bsp\libhal_bsp.a(alt_iic.o)
                0x0000000020045150                alt_ic_isr_register
                0x00000000200451a0                alt_ic_irq_enable
                0x0000000020045228                alt_ic_irq_disable
                0x00000000200452b4                alt_ic_irq_enabled
 .text          0x0000000020045300       0xf0 ../main_bsp\libhal_bsp.a(alt_iic_isr_register.o)
                0x0000000020045300                alt_iic_isr_register
 .text          0x00000000200453f0        0x0 ../main_bsp\libhal_bsp.a(alt_irq_entry.o)
 .text          0x00000000200453f0        0x0 ../main_bsp\libhal_bsp.a(alt_irq_handler.o)
 .text          0x00000000200453f0        0x0 ../main_bsp\libhal_bsp.a(alt_irq_vars.o)
 .text          0x00000000200453f0       0xe0 ../main_bsp\libhal_bsp.a(alt_isatty.o)
                0x000000002004542c                isatty
 .text          0x00000000200454d0      0x110 ../main_bsp\libhal_bsp.a(alt_lseek.o)
                0x000000002004550c                lseek
 .text          0x00000000200455e0       0x7c ../main_bsp\libhal_bsp.a(alt_main.o)
                0x00000000200455e0                alt_main
 .text          0x000000002004565c       0x48 ../main_bsp\libhal_bsp.a(alt_malloc_lock.o)
                0x000000002004565c                __malloc_lock
                0x0000000020045680                __malloc_unlock
 .text          0x00000000200456a4      0x138 ../main_bsp\libhal_bsp.a(alt_read.o)
                0x00000000200456e0                read
 .text          0x00000000200457dc       0x64 ../main_bsp\libhal_bsp.a(alt_release_fd.o)
                0x00000000200457dc                alt_release_fd
 .text          0x0000000020045840       0xb0 ../main_bsp\libhal_bsp.a(alt_sbrk.o)
                0x0000000020045840                sbrk
 .text          0x00000000200458f0       0x30 ../main_bsp\libhal_bsp.a(alt_usleep.o)
                0x00000000200458f0                usleep
 .text          0x0000000020045920      0x134 ../main_bsp\libhal_bsp.a(alt_write.o)
                0x000000002004595c                write
 .text          0x0000000020045a54       0xdc ../main_bsp\libhal_bsp.a(alt_sys_init.o)
                0x0000000020045a88                alt_irq_init
                0x0000000020045ac0                alt_sys_init
 .text          0x0000000020045b30      0x164 ../main_bsp\libhal_bsp.a(altera_avalon_jtag_uart_fd.o)
                0x0000000020045b30                altera_avalon_jtag_uart_read_fd
                0x0000000020045b90                altera_avalon_jtag_uart_write_fd
                0x0000000020045bf0                altera_avalon_jtag_uart_close_fd
                0x0000000020045c40                altera_avalon_jtag_uart_ioctl_fd
 .text          0x0000000020045c94      0x3d4 ../main_bsp\libhal_bsp.a(altera_avalon_jtag_uart_init.o)
                0x0000000020045c94                altera_avalon_jtag_uart_init
                0x0000000020046000                altera_avalon_jtag_uart_close
 .text          0x0000000020046068       0xf0 ../main_bsp\libhal_bsp.a(altera_avalon_jtag_uart_ioctl.o)
                0x0000000020046068                altera_avalon_jtag_uart_ioctl
 .text          0x0000000020046158      0x21c ../main_bsp\libhal_bsp.a(altera_avalon_jtag_uart_read.o)
                0x0000000020046158                altera_avalon_jtag_uart_read
 .text          0x0000000020046374      0x224 ../main_bsp\libhal_bsp.a(altera_avalon_jtag_uart_write.o)
                0x0000000020046374                altera_avalon_jtag_uart_write
 .text          0x0000000020046598       0xf4 ../main_bsp\libhal_bsp.a(altera_avalon_timer_sc.o)
                0x0000000020046610                alt_avalon_timer_sc_init
 .text          0x000000002004668c      0xb04 ../main_bsp\libhal_bsp.a(altera_epcq_controller.o)
                0x00000000200466c0                alt_epcq_controller_lock
                0x00000000200467d0                alt_epcq_controller_get_info
                0x000000002004685c                alt_epcq_controller_erase_block
                0x000000002004697c                alt_epcq_controller_write_block
                0x0000000020046b88                alt_epcq_controller_write
                0x0000000020046d70                alt_epcq_controller_read
                0x0000000020046e1c                altera_epcq_controller_init
 .text          0x0000000020047190      0x12c ../main_bsp\libhal_bsp.a(alt_alarm_start.o)
                0x0000000020047190                alt_alarm_start
 .text          0x00000000200472bc      0x158 ../main_bsp\libhal_bsp.a(alt_busy_sleep.o)
                0x00000000200472bc                alt_busy_sleep
 .text          0x0000000020047414       0xe0 ../main_bsp\libhal_bsp.a(alt_dev_llist_insert.o)
                0x0000000020047450                alt_dev_llist_insert
 .text          0x00000000200474f4       0x60 ../main_bsp\libhal_bsp.a(alt_do_ctors.o)
                0x00000000200474f4                _do_ctors
 .text          0x0000000020047554       0x60 ../main_bsp\libhal_bsp.a(alt_do_dtors.o)
                0x0000000020047554                _do_dtors
 .text          0x00000000200475b4        0x0 ../main_bsp\libhal_bsp.a(alt_exception_entry.o)
 .text          0x00000000200475b4       0x90 ../main_bsp\libhal_bsp.a(alt_find_dev.o)
                0x00000000200475b4                alt_find_dev
 .text          0x0000000020047644       0x9c ../main_bsp\libhal_bsp.a(alt_instruction_exception_entry.o)
                0x0000000020047644                alt_exception_cause_generated_bad_addr
 .text          0x00000000200476e0      0x140 ../main_bsp\libhal_bsp.a(alt_io_redirect.o)
                0x00000000200477a4                alt_io_redirect
 .text          0x0000000020047820      0x254 ../main_bsp\libhal_bsp.a(alt_open.o)
                0x0000000020047920                open
 .text          0x0000000020047a74      0x1a4 ../main_bsp\libhal_bsp.a(alt_tick.o)
                0x0000000020047a74                alt_alarm_stop
                0x0000000020047b10                alt_tick
 .text          0x0000000020047c18       0x24 ../main_bsp\libhal_bsp.a(altera_nios2_gen2_irq.o)
                0x0000000020047c18                altera_nios2_gen2_irq_init
 .text          0x0000000020047c3c      0x108 ../main_bsp\libhal_bsp.a(alt_find_file.o)
                0x0000000020047c3c                alt_find_file
 .text          0x0000000020047d44       0xa4 ../main_bsp\libhal_bsp.a(alt_get_fd.o)
                0x0000000020047d44                alt_get_fd
 .text          0x0000000020047de8        0x0 c:/intelfpga/18.1/nios2eds/bin/gnu/h-x86_64-mingw32/bin/../lib/gcc/nios2-elf/5.3.0/../../../../../H-x86_64-mingw32/nios2-elf/lib\libc.a(lib_a-atexit.o)
 .text.atexit   0x0000000020047de8       0x14 c:/intelfpga/18.1/nios2eds/bin/gnu/h-x86_64-mingw32/bin/../lib/gcc/nios2-elf/5.3.0/../../../../../H-x86_64-mingw32/nios2-elf/lib\libc.a(lib_a-atexit.o)
                0x0000000020047de8                atexit
 .text          0x0000000020047dfc        0x0 c:/intelfpga/18.1/nios2eds/bin/gnu/h-x86_64-mingw32/bin/../lib/gcc/nios2-elf/5.3.0/../../../../../H-x86_64-mingw32/nios2-elf/lib\libc.a(lib_a-exit.o)
 .text.exit     0x0000000020047dfc       0x38 c:/intelfpga/18.1/nios2eds/bin/gnu/h-x86_64-mingw32/bin/../lib/gcc/nios2-elf/5.3.0/../../../../../H-x86_64-mingw32/nios2-elf/lib\libc.a(lib_a-exit.o)
                0x0000000020047dfc                exit
 .text          0x0000000020047e34        0x0 c:/intelfpga/18.1/nios2eds/bin/gnu/h-x86_64-mingw32/bin/../lib/gcc/nios2-elf/5.3.0/../../../../../H-x86_64-mingw32/nios2-elf/lib\libc.a(lib_a-__atexit.o)
 .text.__register_exitproc
                0x0000000020047e34      0x118 c:/intelfpga/18.1/nios2eds/bin/gnu/h-x86_64-mingw32/bin/../lib/gcc/nios2-elf/5.3.0/../../../../../H-x86_64-mingw32/nios2-elf/lib\libc.a(lib_a-__atexit.o)
                0x0000000020047e34                __register_exitproc
 .text          0x0000000020047f4c        0x0 c:/intelfpga/18.1/nios2eds/bin/gnu/h-x86_64-mingw32/bin/../lib/gcc/nios2-elf/5.3.0/../../../../../H-x86_64-mingw32/nios2-elf/lib\libc.a(lib_a-__call_atexit.o)
 .text.__call_exitprocs
                0x0000000020047f4c      0x180 c:/intelfpga/18.1/nios2eds/bin/gnu/h-x86_64-mingw32/bin/../lib/gcc/nios2-elf/5.3.0/../../../../../H-x86_64-mingw32/nios2-elf/lib\libc.a(lib_a-__call_atexit.o)
                0x0000000020047f4c                __call_exitprocs
 .text          0x00000000200480cc       0x34 ../main_bsp\libhal_bsp.a(alt_exit.o)
                0x00000000200480cc                _exit
 *(.gnu.warning.*)
 *(.fini)
                [!provide]                        PROVIDE (__etext, ABSOLUTE (.))
                [!provide]                        PROVIDE (_etext, ABSOLUTE (.))
                [!provide]                        PROVIDE (etext, ABSOLUTE (.))
 *(.eh_frame_hdr)
                0x0000000020048100                . = ALIGN (0x4)
                [!provide]                        PROVIDE (__preinit_array_start, ABSOLUTE (.))
 *(.preinit_array)
                [!provide]                        PROVIDE (__preinit_array_end, ABSOLUTE (.))
                [!provide]                        PROVIDE (__init_array_start, ABSOLUTE (.))
 *(.init_array)
                [!provide]                        PROVIDE (__init_array_end, ABSOLUTE (.))
                [!provide]                        PROVIDE (__fini_array_start, ABSOLUTE (.))
 *(.fini_array)
                [!provide]                        PROVIDE (__fini_array_end, ABSOLUTE (.))
 *(.eh_frame)
 *(.gcc_except_table .gcc_except_table.*)
 *(.dynamic)
                0x0000000020048100                PROVIDE (__CTOR_LIST__, ABSOLUTE (.))
 *(.ctors)
 *(SORT(.ctors.*))
                0x0000000020048100                PROVIDE (__CTOR_END__, ABSOLUTE (.))
                0x0000000020048100                PROVIDE (__DTOR_LIST__, ABSOLUTE (.))
 *(.dtors)
 *(SORT(.dtors.*))
                0x0000000020048100                PROVIDE (__DTOR_END__, ABSOLUTE (.))
 *(.jcr)
                0x0000000020048100                . = ALIGN (0x4)

.rodata         0x0000000020048100     0x1a08
                [!provide]                        PROVIDE (__ram_rodata_start, ABSOLUTE (.))